Fri May 1 11:01:06 2026: Settings::	start at: Fri May 1 11:01:06 2026
Fri May 1 11:01:06 2026: cfg dir  "/home/sae/.cudaSDR"
Fri May 1 11:01:06 2026: "/home/sae/.cudaSDR"
Fri May 1 11:01:06 2026: cudaSDR BETA
Fri May 1 11:01:07 2026: QString::arg: Argument missing: "(C) 2011-2018 DL3HVH, 2020-%i ZL2BRG", 2026
Fri May 1 11:01:07 2026: internal "off"
Fri May 1 11:01:07 2026: Settings::	Alex config: 0
Fri May 1 11:01:07 2026: bandlist 3500000 "80m"
Fri May 1 11:01:07 2026: bandlist 3500000 "80m"
Fri May 1 11:01:07 2026: Settings::	set vfo freq (Rx 0) 3670421
Fri May 1 11:01:07 2026: bandlist 3500000 "80m"
Fri May 1 11:01:07 2026: bandlist 3500000 "80m"
Fri May 1 11:01:07 2026: Settings::	set vfo freq (Rx 1) 3672000
Fri May 1 11:01:07 2026: bandlist 3500000 "80m"
Fri May 1 11:01:07 2026: bandlist 3500000 "80m"
Fri May 1 11:01:07 2026: Settings::	set vfo freq (Rx 2) 3672000
Fri May 1 11:01:07 2026: bandlist 3500000 "80m"
Fri May 1 11:01:07 2026: bandlist 3500000 "80m"
Fri May 1 11:01:07 2026: Settings::	set vfo freq (Rx 3) 3672000
Fri May 1 11:01:07 2026: bandlist 3500000 "80m"
Fri May 1 11:01:07 2026: bandlist 3500000 "80m"
Fri May 1 11:01:07 2026: Settings::	set vfo freq (Rx 4) 3672000
Fri May 1 11:01:07 2026: bandlist 3500000 "80m"
Fri May 1 11:01:07 2026: bandlist 3500000 "80m"
Fri May 1 11:01:07 2026: Settings::	set vfo freq (Rx 5) 3672000
Fri May 1 11:01:07 2026: bandlist 3500000 "80m"
Fri May 1 11:01:07 2026: bandlist 3500000 "80m"
Fri May 1 11:01:07 2026: Settings::	set vfo freq (Rx 6) 3672000
Fri May 1 11:01:07 2026: bandlist 3500000 "80m"
Fri May 1 11:01:07 2026: bandlist 3500000 "80m"
Fri May 1 11:01:07 2026: Settings::	set vfo freq (Rx 7) 3672000
Fri May 1 11:01:07 2026: Settings::	reading done.
Fri May 1 11:01:08 2026: Init::	OpenGL found.
Fri May 1 11:01:09 2026: Init::	Framebuffer Objects assumed present.
Fri May 1 11:01:09 2026: RigCtlServer::	Listening on port4532
Fri May 1 11:01:09 2026: Init::	main window setup ...
Fri May 1 11:01:09 2026: Transmitter::	create_transmitter: id=10 buffer_size=1024 mic_sample_rate=48000 mic_dsp_rate=48000 iq_output_rate=48000 output_samples=1024 fps=10
Fri May 1 11:01:09 2026: Transmitter::	transmitter: buffers allocated
Fri May 1 11:01:09 2026: Transmitter::	create_transmitter: OpenChannel id=10 buffer_size=1024 fft_size=2048 sample_rate=48000 dspRate=48000 outputRate=48000
Fri May 1 11:01:15 2026: Transmitter::	SetAnalyzer id=10 buffer_size=1024 overlap=0
Fri May 1 11:01:16 2026: HPSDRWidget::	setHPSDRHardware: current protocol =0 isP2 =false
Fri May 1 11:01:16 2026: Am carrier level load 0.5
Fri May 1 11:01:16 2026: compressionl evel load 0
Fri May 1 11:01:17 2026: Using Qt multimedia with FFmpeg version 7.1.3 LGPL version 2.1 or later
Fri May 1 11:01:17 2026: Failed to connect to pipewire instance "Host is down"
Fri May 1 11:01:17 2026: HPSDRWidget::	setHPSDRHardware: current protocol =0 isP2 =false
Fri May 1 11:01:17 2026: Am carrier level load 0.5
Fri May 1 11:01:17 2026: compressionl evel load 0
Fri May 1 11:01:17 2026: MainWindow::	main window init done
Fri May 1 11:01:17 2026: bandlist 3500000 "80m"
Fri May 1 11:01:17 2026: 3D Panel: Update rate changed to 33 ms ( 30.303 FPS)
Fri May 1 11:01:17 2026: MainWindow::	server ip from ini-file: "10.32.11.12"
Fri May 1 11:01:17 2026: MainWindow::	HPSDR device local ip from ini-file: "10.32.11.12"
Fri May 1 11:01:17 2026: MainWindow::	network interface "eno1" :
Fri May 1 11:01:17 2026: MainWindow::	  -> broadcast address: 10.32.11.255
Fri May 1 11:01:17 2026: MainWindow::	  -> ip address: 10.32.11.12
Fri May 1 11:01:17 2026: MainWindow::	found 1 valid ip addresses.
Fri May 1 11:01:17 2026: MainWindow::	HPSDR network device interface set to: "eno1"("10.32.11.12")
Fri May 1 11:01:17 2026: MainWindow::	using ip address 10.32.11.12 for the server.
Fri May 1 11:01:17 2026: MainWindow::	using ip address 10.32.11.12 for connecting to a HPSDR device.
Fri May 1 11:01:17 2026: Init::	main window setup done.
Fri May 1 11:01:18 2026: horizontal scale
Fri May 1 11:01:18 2026: Init::	running application ...

Fri May 1 11:01:20 2026: DataEngine::	HPSDR device discovery thread started.
Fri May 1 11:01:20 2026: DataEngine::	HPSDR network device detection...please wait.
Fri May 1 11:01:20 2026: Discoverer::	using 10.32.11.12 for discovery.
Fri May 1 11:01:20 2026: Discoverer::	discovery_socket bound successfully to port 60874
Fri May 1 11:01:20 2026: Discoverer::	Protocol 1 discovery data sent.
Fri May 1 11:01:20 2026: Discoverer::	Protocol 2 discovery data sent.
Fri May 1 11:01:21 2026: Discoverer::	[P1] Device found at 10.32.11.12:1024; Mac addr: [AA:BB:CC:DD:EE:FF]
Fri May 1 11:01:21 2026: Discoverer::	[P1] Device code version: 1f
Fri May 1 11:01:21 2026: Discoverer::	Board ID: 1 (Hermes) protocol=1
Fri May 1 11:01:21 2026: Discoverer::	[P2] Device found at 10.32.11.12:1024; Mac: [AA:BB:CC:DD:EE:FF] board=1 fw=19 receivers=0
Fri May 1 11:01:21 2026: Discoverer::	Board ID: 1 (Hermes) protocol=2
Fri May 1 11:01:24 2026: DataEngine::	found 2 network device(s)
Fri May 1 11:01:24 2026: DataEngine::	Device 0 @ 10.32.11.12 [AA:BB:CC:DD:EE:FF]
Fri May 1 11:01:24 2026: DataEngine::	Device 1 @ 10.32.11.12 [AA:BB:CC:DD:EE:FF]
Fri May 1 11:01:24 2026: DataEngine::	using HPSDR network device at 10.32.11.12
Fri May 1 11:01:24 2026: DataEngine::	HPSDR discovery thread stopped and deleted.
Fri May 1 11:01:24 2026: DataEngine::	[RX-ADD] initReceivers: allocating1receiver(s)
Fri May 1 11:01:24 2026: Receiver::	set Audio buffer size to: 1024
Fri May 1 11:01:24 2026: FreeDVProcessor: mode=0 modemRate=8000 speechRate=8000 decFactor=6 nomModemSamples=320 maxSpeechSamples=360
Fri May 1 11:01:24 2026: DataEngine::	[RX-ADD] initReceivers: init DSP core for rx 0
Fri May 1 11:01:24 2026: Receiver::	[RX-ADD] initQtWDSPInterface: rx=0BUFFER_SIZE=1024
Fri May 1 11:01:24 2026: WDSPEngine::	init DSPEngine with size: 1024
Fri May 1 11:01:24 2026: WDSPEngine::	[WDSP-INIT] rx=0size=1024sampleRate=48000-> calling OpenChannel
Fri May 1 11:01:24 2026: WDSPEngine::	[WDSP-INIT] rx=0OpenChannel done -> create_anbEXT
Fri May 1 11:01:24 2026: WDSPEngine::	[WDSP-INIT] rx=0create_anbEXT done -> create_nobEXT
Fri May 1 11:01:24 2026: WDSPEngine::	[WDSP-INIT] rx=0create_nobEXT done
Fri May 1 11:01:24 2026: [WDSP-INIT] rx= 0 RXASetNC( 4096 )
Fri May 1 11:01:25 2026: WDSPEngine::	nb mode1
Fri May 1 11:01:25 2026: WDSPEngine::	nb2mode0
Fri May 1 11:01:25 2026: WDSPEngine::	nf mode1
Fri May 1 11:01:25 2026: WDSPEngine::	nr2 mode0
Fri May 1 11:01:25 2026: WDSPEngine::	anf mode1
Fri May 1 11:01:25 2026: WDSPEngine::	snb mode1
Fri May 1 11:01:25 2026: WDSPEngine::	[WDSP-INIT] rx=0-> XCreateAnalyzer
Fri May 1 11:01:25 2026: WDSPEngine::	[WDSP-INIT] rx=0XCreateAnalyzer OK
Fri May 1 11:01:25 2026: SetAnalyzer id= 0 buffer_size= 1024 overlap= 2176 fft= 4096
Fri May 1 11:01:25 2026: WDSPEngine::	[WDSP-INIT] rx=0-> SetChannelState(1,0) (start channel)
Fri May 1 11:01:25 2026: WDSPEngine::	[WDSP-INIT] rx=0WDSP channel fully initialised.
Fri May 1 11:01:25 2026: Receiver::	[RX-ADD] QWDSPEngine constructed for rx=0(isValid=true)
Fri May 1 11:01:25 2026: WDSPEngine::	WDSP volume set to0.1
Fri May 1 11:01:25 2026: Receiver::	[RX-ADD] rx=0set DSP mode to:"LSB"
Fri May 1 11:01:25 2026: WDSPEngine::	[RX0] DSP mode set to0(WDSP:0)
Fri May 1 11:01:25 2026: WDSPEngine::	Set AGC line value-83.5515
Fri May 1 11:01:25 2026: WDSPEngine::	Set Filter:Low  -3050High -150
Fri May 1 11:01:25 2026: Receiver::	[RX-ADD] initQtWDSPInterface: rx=0complete (filter lo=-3050hi=-150)
Fri May 1 11:01:25 2026: DataEngine::	[RX-ADD] initReceivers: DSP core for rx0 OK — QWDSPEngine constructed and WDSP channel open
Fri May 1 11:01:25 2026: DataEngine::	Alex Configuration = 0
Fri May 1 11:01:25 2026: DataEngine::	configured for 1 receiver(s) at 48 kHz sample rate
Fri May 1 11:01:25 2026: DataProcessor::	FreeDV TX enabled: mode=0 speechRate=8000 modemRate=8000 nSpeech=320 nModem=320
Fri May 1 11:01:25 2026: DataEngine::	data processor thread started.
Fri May 1 11:01:25 2026: DataEngine::	data IO thread started.
Fri May 1 11:01:25 2026: DataIO::	Bound receiver socket to logical port 60874 (localPort=60874) with buffer size 16384
Fri May 1 11:01:25 2026: DataIO::	init frames sent to network device. 0 port 1024
Fri May 1 11:01:25 2026: DataIO::	sent start command to device at: 10.32.11.12 port 1024
Fri May 1 11:01:25 2026:  
Fri May 1 11:01:25 2026: Settings::	**********************************************************
Fri May 1 11:01:25 2026: Settings::	Error:			No error
Fri May 1 11:01:25 2026: Settings::	HW Interface:		Hermes
Fri May 1 11:01:25 2026: Settings::	Server Mode:		SDR mode
Fri May 1 11:01:25 2026: Settings::	DataEngine State:	up
Fri May 1 11:01:25 2026:  
Fri May 1 11:01:25 2026: Settings::	Set WidebandBuffers)! 32
Fri May 1 11:01:25 2026: DataEngine::	got firmware versions:
Fri May 1 11:01:25 2026: DataEngine::		Metis firmware:  0
Fri May 1 11:01:25 2026: DataEngine::		Mercury firmware:  0
Fri May 1 11:01:25 2026: DataEngine::		Penelope firmware:  0
Fri May 1 11:01:25 2026: DataEngine::		Pennylane firmware:  0
Fri May 1 11:01:25 2026: DataEngine::		Hermes firmware: 21
Fri May 1 11:01:25 2026: DataEngine::	stopping and restarting data engine.
Fri May 1 11:01:25 2026: AudioInput::	Setup: mode=analog micIndex=0 digitalIndex=0
Fri May 1 11:01:25 2026: AudioInput::	Current TX audio input device: HPSDR local mic (no host Qt input device)
Fri May 1 11:01:25 2026: AudioInput::	Audio Buffer Size: 1024
Fri May 1 11:01:25 2026: AudioInput::	Setup: mode=analog micIndex=0 digitalIndex=0
Fri May 1 11:01:25 2026: AudioInput::	Current TX audio input device: HPSDR local mic (no host Qt input device)
Fri May 1 11:01:25 2026: DataEngine::	receiver processor thread started for Rx 0
Fri May 1 11:01:25 2026: Receiver::	dspProcessing entry rx=0 count=1 iqQueue=15
Fri May 1 11:01:25 2026: DataEngine::	wide band data processor thread started.
Fri May 1 11:01:25 2026: WDSPEngine::	[WDSP-DSP] rx=0fexchange0 error=-2
Fri May 1 11:01:25 2026: DataEngine::	data processor thread started.
Fri May 1 11:01:25 2026: DataEngine::	data IO thread started.
Fri May 1 11:01:25 2026: WDSPEngine::	[WDSP-DSP] rx=0fexchange0 error=-2
Fri May 1 11:01:25 2026: WDSPEngine::	[WDSP-DSP] rx=0fexchange0 error=-2
Fri May 1 11:01:25 2026: WDSPEngine::	[WDSP-DSP] rx=0fexchange0 error=-2
Fri May 1 11:01:25 2026: WDSPEngine::	[WDSP-DSP] rx=0fexchange0 error=-2
Fri May 1 11:01:25 2026: WDSPEngine::	[WDSP-DSP] rx=0fexchange0 error=-2
Fri May 1 11:01:25 2026: WDSPEngine::	[WDSP-DSP] rx=0fexchange0 error=-2
Fri May 1 11:01:25 2026: WDSPEngine::	[WDSP-DSP] rx=0fexchange0 error=-2
Fri May 1 11:01:25 2026: WDSPEngine::	[WDSP-DSP] rx=0fexchange0 error=-2
Fri May 1 11:01:25 2026: Audio: pending overflow, dropping 8192 bytes
Fri May 1 11:01:25 2026: WDSPEngine::	[WDSP-DSP] rx=0fexchange0 error=-2
Fri May 1 11:01:25 2026: Audio: pending overflow, dropping 8192 bytes
Fri May 1 11:01:25 2026: WDSPEngine::	[WDSP-DSP] rx=0fexchange0 error=-2
Fri May 1 11:01:25 2026: Audio: pending overflow, dropping 8192 bytes
Fri May 1 11:01:25 2026: DataIO::	init frames sent to network device. 0 port 1024
Fri May 1 11:01:25 2026: DataIO::	sent start command to device at: 10.32.11.12 port 1024
Fri May 1 11:01:25 2026: Audio: pending overflow, dropping 216 bytes
Fri May 1 11:01:25 2026:  
Fri May 1 11:01:25 2026: Settings::	**********************************************************
Fri May 1 11:01:25 2026: Settings::	Error:			No error
Fri May 1 11:01:25 2026: Settings::	HW Interface:		Hermes
Fri May 1 11:01:25 2026: Settings::	Server Mode:		SDR mode
Fri May 1 11:01:25 2026: Settings::	DataEngine State:	up
Fri May 1 11:01:25 2026:  
Fri May 1 11:01:25 2026: DataEngine::	Data Engine thread: QThread(0x61a097196880, name = "Qt mainThread")
Fri May 1 11:01:25 2026: Audio: pending overflow, dropping 64 bytes
Fri May 1 11:01:25 2026: Audio: pending overflow, dropping 56 bytes
Fri May 1 11:01:26 2026: Audio: pending overflow, dropping 152 bytes
Fri May 1 11:01:27 2026: Audio: pending overflow, dropping 24 bytes
Fri May 1 11:01:27 2026: Receiver::	dspProcessing entry rx=0 count=101 iqQueue=1
Fri May 1 11:01:27 2026: Audio: pending overflow, dropping 152 bytes
Fri May 1 11:01:29 2026: Audio: pending overflow, dropping 280 bytes
Fri May 1 11:01:29 2026: Receiver::	dspProcessing entry rx=0 count=201 iqQueue=1
Fri May 1 11:01:30 2026: Audio: pending overflow, dropping 56 bytes
Fri May 1 11:01:31 2026: Receiver::	dspProcessing entry rx=0 count=301 iqQueue=1
Fri May 1 11:01:33 2026: Write 0
Fri May 1 11:01:33 2026: Settings::	save settings done.
Fri May 1 11:01:33 2026: DataIO::	sent stop command to device at: 10.32.11.12 port 1024
Fri May 1 11:01:33 2026: DataEngine::	HPSDR device stopped
Fri May 1 11:01:33 2026: DataEngine::	data IO thread not yet finished...
Fri May 1 11:01:33 2026: DataEngine::	data IO thread deleted.
Fri May 1 11:01:33 2026: DataEngine::	iq_queue empty.
Fri May 1 11:01:33 2026: DataEngine::	data processor thread deleted.
Fri May 1 11:01:33 2026: DataEngine::	wide band data processor thread deleted.
Fri May 1 11:01:33 2026: DataEngine::	device cards list cleared.
Fri May 1 11:01:33 2026: DataEngine::	[RX-STOP] stopping WDSP channel for rx0
Fri May 1 11:01:33 2026: WDSPEngine::	[WDSP-STOP] rx=0-> SetChannelState(0,0) (signal stop, no wait)
Fri May 1 11:01:33 2026: Destroy Receiver  0
Fri May 1 11:01:33 2026: WDSPEngine::	[WDSP-DESTROY] rx=0-> DestroyAnalyzer
Fri May 1 11:01:33 2026: WDSPEngine::	[WDSP-DESTROY] rx=0-> destroy_nobEXT/anbEXT
Fri May 1 11:01:33 2026: WDSPEngine::	[WDSP-DESTROY] rx=0-> CloseChannel
Fri May 1 11:01:33 2026: WDSPEngine::	[WDSP-DESTROY] rx=0done.
Fri May 1 11:01:33 2026: DataEngine::	receiver threads deleted, receivers deleted, receiver & thread list cleared.
Fri May 1 11:01:33 2026:  
Fri May 1 11:01:33 2026: Settings::	**********************************************************
Fri May 1 11:01:33 2026: Settings::	Error:			No error
Fri May 1 11:01:33 2026: Settings::	HW Interface:		Hermes
Fri May 1 11:01:33 2026: Settings::	Server Mode:		SDR mode
Fri May 1 11:01:33 2026: Settings::	DataEngine State:	down
Fri May 1 11:01:33 2026:  
Fri May 1 11:01:33 2026: DataEngine::	shut down done.
Fri May 1 11:01:33 2026: QObject::disconnect: wildcard call disconnects from destroyed signal of ServerWidget::unnamed
Fri May 1 11:01:33 2026: AudioInput::	Audio input stopped
Fri May 1 11:01:33 2026: QObject::disconnect: wildcard call disconnects from destroyed signal of OGLDisplayPanel::unnamed
Fri May 1 11:01:33 2026: QObject::disconnect: wildcard call disconnects from destroyed signal of cusdr_SetupWidget::unnamed
Fri May 1 11:01:33 2026: QObject::disconnect: wildcard call disconnects from destroyed signal of DisplayTabWidget::unnamed
Fri May 1 11:01:33 2026: QObject::disconnect: wildcard call disconnects from destroyed signal of DisplayOptionsWidget::unnamed
Fri May 1 11:01:33 2026: QObject::disconnect: wildcard call disconnects from destroyed signal of ColorOptionsWidget::unnamed
Fri May 1 11:01:33 2026: QObject::disconnect: wildcard call disconnects from destroyed signal of Options3DWidget::unnamed
Fri May 1 11:01:33 2026: QObject::disconnect: wildcard call disconnects from destroyed signal of tx_settings_dialog::tx_settings_dialog
Fri May 1 11:01:33 2026: QObject::disconnect: wildcard call disconnects from destroyed signal of AlexTabWidget::unnamed
Fri May 1 11:01:33 2026: QObject::disconnect: wildcard call disconnects from destroyed signal of AlexFilterWidget::AlexFilterWidget
Fri May 1 11:01:33 2026: QObject::disconnect: wildcard call disconnects from destroyed signal of AlexAntennaWidget::unnamed
Fri May 1 11:01:33 2026: QObject::disconnect: wildcard call disconnects from destroyed signal of ExtCtrlWidget::unnamed
Fri May 1 11:01:33 2026: QObject::disconnect: wildcard call disconnects from destroyed signal of NetworkWidget::unnamed
Fri May 1 11:01:33 2026: QObject::disconnect: wildcard call disconnects from destroyed signal of HPSDRWidget::unnamed
Fri May 1 11:01:33 2026: MainWindow delete
Fri May 1 11:01:33 2026: QObject::disconnect: wildcard call disconnects from destroyed signal of MainWindow::unnamed
Fri May 1 11:01:33 2026: QObject::disconnect: wildcard call disconnects from destroyed signal of DisplayTabWidget::unnamed
Fri May 1 11:01:33 2026: QObject::disconnect: wildcard call disconnects from destroyed signal of DisplayOptionsWidget::unnamed
Fri May 1 11:01:33 2026: QObject::disconnect: wildcard call disconnects from destroyed signal of ColorOptionsWidget::unnamed
Fri May 1 11:01:33 2026: QObject::disconnect: wildcard call disconnects from destroyed signal of Options3DWidget::unnamed
Fri May 1 11:01:33 2026: QObject::disconnect: wildcard call disconnects from destroyed signal of cusdr_SetupWidget::unnamed
Fri May 1 11:01:33 2026: QObject::disconnect: wildcard call disconnects from destroyed signal of tx_settings_dialog::tx_settings_dialog
Fri May 1 11:01:33 2026: QObject::disconnect: wildcard call disconnects from destroyed signal of AlexTabWidget::unnamed
Fri May 1 11:01:33 2026: QObject::disconnect: wildcard call disconnects from destroyed signal of AlexFilterWidget::AlexFilterWidget
Fri May 1 11:01:33 2026: QObject::disconnect: wildcard call disconnects from destroyed signal of AlexAntennaWidget::unnamed
Fri May 1 11:01:33 2026: QObject::disconnect: wildcard call disconnects from destroyed signal of ExtCtrlWidget::unnamed
Fri May 1 11:01:33 2026: QObject::disconnect: wildcard call disconnects from destroyed signal of NetworkWidget::unnamed
Fri May 1 11:01:33 2026: QObject::disconnect: wildcard call disconnects from destroyed signal of HPSDRWidget::unnamed
Fri May 1 11:01:33 2026: rx panel destructor 0
Fri May 1 11:12:03 2026: Settings::	start at: Fri May 1 11:12:03 2026
Fri May 1 11:12:03 2026: cfg dir  "/home/sae/.cudaSDR"
Fri May 1 11:12:03 2026: "/home/sae/.cudaSDR"
Fri May 1 11:12:03 2026: cudaSDR BETA
Fri May 1 11:12:03 2026: QString::arg: Argument missing: "(C) 2011-2018 DL3HVH, 2020-%i ZL2BRG", 2026
Fri May 1 11:12:04 2026: internal "off"
Fri May 1 11:12:04 2026: Settings::	Alex config: 0
Fri May 1 11:12:04 2026: bandlist 3500000 "80m"
Fri May 1 11:12:04 2026: bandlist 3500000 "80m"
Fri May 1 11:12:04 2026: Settings::	set vfo freq (Rx 0) 3670421
Fri May 1 11:12:04 2026: bandlist 3500000 "80m"
Fri May 1 11:12:04 2026: bandlist 3500000 "80m"
Fri May 1 11:12:04 2026: Settings::	set vfo freq (Rx 1) 3672000
Fri May 1 11:12:04 2026: bandlist 3500000 "80m"
Fri May 1 11:12:04 2026: bandlist 3500000 "80m"
Fri May 1 11:12:04 2026: Settings::	set vfo freq (Rx 2) 3672000
Fri May 1 11:12:04 2026: bandlist 3500000 "80m"
Fri May 1 11:12:04 2026: bandlist 3500000 "80m"
Fri May 1 11:12:04 2026: Settings::	set vfo freq (Rx 3) 3672000
Fri May 1 11:12:04 2026: bandlist 3500000 "80m"
Fri May 1 11:12:04 2026: bandlist 3500000 "80m"
Fri May 1 11:12:04 2026: Settings::	set vfo freq (Rx 4) 3672000
Fri May 1 11:12:04 2026: bandlist 3500000 "80m"
Fri May 1 11:12:04 2026: bandlist 3500000 "80m"
Fri May 1 11:12:04 2026: Settings::	set vfo freq (Rx 5) 3672000
Fri May 1 11:12:04 2026: bandlist 3500000 "80m"
Fri May 1 11:12:04 2026: bandlist 3500000 "80m"
Fri May 1 11:12:04 2026: Settings::	set vfo freq (Rx 6) 3672000
Fri May 1 11:12:04 2026: bandlist 3500000 "80m"
Fri May 1 11:12:04 2026: bandlist 3500000 "80m"
Fri May 1 11:12:04 2026: Settings::	set vfo freq (Rx 7) 3672000
Fri May 1 11:12:04 2026: Settings::	reading done.
Fri May 1 11:12:05 2026: Init::	OpenGL found.
Fri May 1 11:12:06 2026: Init::	Framebuffer Objects assumed present.
Fri May 1 11:12:06 2026: RigCtlServer::	Listening on port4532
Fri May 1 11:12:06 2026: Init::	main window setup ...
Fri May 1 11:12:06 2026: Transmitter::	create_transmitter: id=10 buffer_size=1024 mic_sample_rate=48000 mic_dsp_rate=48000 iq_output_rate=48000 output_samples=1024 fps=10
Fri May 1 11:12:06 2026: Transmitter::	transmitter: buffers allocated
Fri May 1 11:12:06 2026: Transmitter::	create_transmitter: OpenChannel id=10 buffer_size=1024 fft_size=2048 sample_rate=48000 dspRate=48000 outputRate=48000
Fri May 1 11:12:13 2026: Transmitter::	SetAnalyzer id=10 buffer_size=1024 overlap=0
Fri May 1 11:12:14 2026: HPSDRWidget::	setHPSDRHardware: current protocol =0 isP2 =false
Fri May 1 11:12:14 2026: Am carrier level load 0.5
Fri May 1 11:12:14 2026: compressionl evel load 0
Fri May 1 11:12:14 2026: Using Qt multimedia with FFmpeg version 7.1.3 LGPL version 2.1 or later
Fri May 1 11:12:14 2026: Failed to connect to pipewire instance "Host is down"
Fri May 1 11:12:14 2026: HPSDRWidget::	setHPSDRHardware: current protocol =0 isP2 =false
Fri May 1 11:12:14 2026: Am carrier level load 0.5
Fri May 1 11:12:14 2026: compressionl evel load 0
Fri May 1 11:12:14 2026: MainWindow::	main window init done
Fri May 1 11:12:14 2026: bandlist 3500000 "80m"
Fri May 1 11:12:14 2026: 3D Panel: Update rate changed to 33 ms ( 30.303 FPS)
Fri May 1 11:12:14 2026: MainWindow::	server ip from ini-file: "10.32.11.12"
Fri May 1 11:12:14 2026: MainWindow::	HPSDR device local ip from ini-file: "10.32.11.12"
Fri May 1 11:12:14 2026: MainWindow::	network interface "eno1" :
Fri May 1 11:12:14 2026: MainWindow::	  -> broadcast address: 10.32.11.255
Fri May 1 11:12:14 2026: MainWindow::	  -> ip address: 10.32.11.12
Fri May 1 11:12:14 2026: MainWindow::	found 1 valid ip addresses.
Fri May 1 11:12:14 2026: MainWindow::	HPSDR network device interface set to: "eno1"("10.32.11.12")
Fri May 1 11:12:14 2026: MainWindow::	using ip address 10.32.11.12 for the server.
Fri May 1 11:12:14 2026: MainWindow::	using ip address 10.32.11.12 for connecting to a HPSDR device.
Fri May 1 11:12:14 2026: Init::	main window setup done.
Fri May 1 11:12:15 2026: horizontal scale
Fri May 1 11:12:15 2026: Init::	running application ...

Fri May 1 11:12:18 2026: QObject::disconnect: wildcard call disconnects from destroyed signal of ServerWidget::unnamed
Fri May 1 11:12:18 2026: QObject::disconnect: wildcard call disconnects from destroyed signal of OGLDisplayPanel::unnamed
Fri May 1 11:12:18 2026: QObject::disconnect: wildcard call disconnects from destroyed signal of cusdr_SetupWidget::unnamed
Fri May 1 11:12:18 2026: QObject::disconnect: wildcard call disconnects from destroyed signal of DisplayTabWidget::unnamed
Fri May 1 11:12:18 2026: QObject::disconnect: wildcard call disconnects from destroyed signal of DisplayOptionsWidget::unnamed
Fri May 1 11:12:18 2026: QObject::disconnect: wildcard call disconnects from destroyed signal of ColorOptionsWidget::unnamed
Fri May 1 11:12:18 2026: QObject::disconnect: wildcard call disconnects from destroyed signal of Options3DWidget::unnamed
Fri May 1 11:12:18 2026: QObject::disconnect: wildcard call disconnects from destroyed signal of tx_settings_dialog::tx_settings_dialog
Fri May 1 11:12:18 2026: QObject::disconnect: wildcard call disconnects from destroyed signal of AlexTabWidget::unnamed
Fri May 1 11:12:18 2026: QObject::disconnect: wildcard call disconnects from destroyed signal of AlexFilterWidget::AlexFilterWidget
Fri May 1 11:12:18 2026: QObject::disconnect: wildcard call disconnects from destroyed signal of AlexAntennaWidget::unnamed
Fri May 1 11:12:18 2026: QObject::disconnect: wildcard call disconnects from destroyed signal of ExtCtrlWidget::unnamed
Fri May 1 11:12:18 2026: QObject::disconnect: wildcard call disconnects from destroyed signal of NetworkWidget::unnamed
Fri May 1 11:12:18 2026: QObject::disconnect: wildcard call disconnects from destroyed signal of HPSDRWidget::unnamed
Fri May 1 11:12:18 2026: MainWindow delete
Fri May 1 11:12:18 2026: QObject::disconnect: wildcard call disconnects from destroyed signal of MainWindow::unnamed
Fri May 1 11:12:18 2026: QObject::disconnect: wildcard call disconnects from destroyed signal of DisplayTabWidget::unnamed
Fri May 1 11:12:18 2026: QObject::disconnect: wildcard call disconnects from destroyed signal of DisplayOptionsWidget::unnamed
Fri May 1 11:12:18 2026: QObject::disconnect: wildcard call disconnects from destroyed signal of ColorOptionsWidget::unnamed
Fri May 1 11:12:18 2026: QObject::disconnect: wildcard call disconnects from destroyed signal of Options3DWidget::unnamed
Fri May 1 11:12:18 2026: QObject::disconnect: wildcard call disconnects from destroyed signal of cusdr_SetupWidget::unnamed
Fri May 1 11:12:18 2026: QObject::disconnect: wildcard call disconnects from destroyed signal of tx_settings_dialog::tx_settings_dialog
Fri May 1 11:12:18 2026: QObject::disconnect: wildcard call disconnects from destroyed signal of AlexTabWidget::unnamed
Fri May 1 11:12:18 2026: QObject::disconnect: wildcard call disconnects from destroyed signal of AlexFilterWidget::AlexFilterWidget
Fri May 1 11:12:18 2026: QObject::disconnect: wildcard call disconnects from destroyed signal of AlexAntennaWidget::unnamed
Fri May 1 11:12:18 2026: QObject::disconnect: wildcard call disconnects from destroyed signal of ExtCtrlWidget::unnamed
Fri May 1 11:12:18 2026: QObject::disconnect: wildcard call disconnects from destroyed signal of NetworkWidget::unnamed
Fri May 1 11:12:18 2026: QObject::disconnect: wildcard call disconnects from destroyed signal of HPSDRWidget::unnamed
Fri May 1 11:12:18 2026: rx panel destructor 0
Fri May 1 11:12:18 2026: QObject::disconnect: wildcard call disconnects from destroyed signal of RadioPopupWidget::unnamed
Fri May 1 11:12:18 2026: QObject::disconnect: wildcard call disconnects from destroyed signal of AGCOptionsWidget::unnamed
Fri May 1 11:12:18 2026: rx panel destructor 1
Fri May 1 11:12:18 2026: QObject::disconnect: wildcard call disconnects from destroyed signal of RadioPopupWidget::unnamed
Fri May 1 11:12:18 2026: QObject::disconnect: wildcard call disconnects from destroyed signal of AGCOptionsWidget::unnamed
Fri May 1 11:12:18 2026: rx panel destructor 2
Fri May 1 11:12:18 2026: QObject::disconnect: wildcard call disconnects from destroyed signal of RadioPopupWidget::unnamed
Fri May 1 11:12:18 2026: QObject::disconnect: wildcard call disconnects from destroyed signal of AGCOptionsWidget::unnamed
Fri May 1 11:12:18 2026: rx panel destructor 3
Fri May 1 11:12:18 2026: QObject::disconnect: wildcard call disconnects from destroyed signal of RadioPopupWidget::unnamed
Fri May 1 11:12:18 2026: QObject::disconnect: wildcard call disconnects from destroyed signal of AGCOptionsWidget::unnamed
Fri May 1 11:12:18 2026: rx panel destructor 4
Fri May 1 11:12:18 2026: QObject::disconnect: wildcard call disconnects from destroyed signal of RadioPopupWidget::unnamed
Fri May 1 11:12:18 2026: QObject::disconnect: wildcard call disconnects from destroyed signal of AGCOptionsWidget::unnamed
Fri May 1 11:12:18 2026: rx panel destructor 5
Fri May 1 11:12:18 2026: QObject::disconnect: wildcard call disconnects from destroyed signal of RadioPopupWidget::unnamed
Fri May 1 11:12:18 2026: QObject::disconnect: wildcard call disconnects from destroyed signal of AGCOptionsWidget::unnamed
Fri May 1 11:12:18 2026: rx panel destructor 6
Fri May 1 11:12:18 2026: QObject::disconnect: wildcard call disconnects from destroyed signal of RadioPopupWidget::unnamed
Fri May 1 11:12:18 2026: QObject::disconnect: wildcard call disconnects from destroyed signal of AGCOptionsWidget::unnamed
Fri May 1 11:12:18 2026: rx panel destructor 7
Fri May 1 11:12:18 2026: QObject::disconnect: wildcard call disconnects from destroyed signal of RadioPopupWidget::unnamed
Fri May 1 11:12:18 2026: QObject::disconnect: wildcard call disconnects from destroyed signal of AGCOptionsWidget::unnamed
Fri May 1 11:17:16 2026: Settings::	start at: Fri May 1 11:17:16 2026
Fri May 1 11:17:16 2026: cfg dir  "/home/sae/.cudaSDR"
Fri May 1 11:17:16 2026: "/home/sae/.cudaSDR"
Fri May 1 11:17:16 2026: cudaSDR BETA
Fri May 1 11:17:16 2026: QString::arg: Argument missing: "(C) 2011-2018 DL3HVH, 2020-%i ZL2BRG", 2026
Fri May 1 11:17:16 2026: internal "off"
Fri May 1 11:17:16 2026: Settings::	Alex config: 0
Fri May 1 11:17:16 2026: bandlist 3500000 "80m"
Fri May 1 11:17:16 2026: bandlist 3500000 "80m"
Fri May 1 11:17:16 2026: Settings::	set vfo freq (Rx 0) 3670421
Fri May 1 11:17:16 2026: bandlist 3500000 "80m"
Fri May 1 11:17:16 2026: bandlist 3500000 "80m"
Fri May 1 11:17:16 2026: Settings::	set vfo freq (Rx 1) 3672000
Fri May 1 11:17:16 2026: bandlist 3500000 "80m"
Fri May 1 11:17:16 2026: bandlist 3500000 "80m"
Fri May 1 11:17:16 2026: Settings::	set vfo freq (Rx 2) 3672000
Fri May 1 11:17:16 2026: bandlist 3500000 "80m"
Fri May 1 11:17:16 2026: bandlist 3500000 "80m"
Fri May 1 11:17:16 2026: Settings::	set vfo freq (Rx 3) 3672000
Fri May 1 11:17:16 2026: bandlist 3500000 "80m"
Fri May 1 11:17:16 2026: bandlist 3500000 "80m"
Fri May 1 11:17:16 2026: Settings::	set vfo freq (Rx 4) 3672000
Fri May 1 11:17:16 2026: bandlist 3500000 "80m"
Fri May 1 11:17:16 2026: bandlist 3500000 "80m"
Fri May 1 11:17:16 2026: Settings::	set vfo freq (Rx 5) 3672000
Fri May 1 11:17:16 2026: bandlist 3500000 "80m"
Fri May 1 11:17:16 2026: bandlist 3500000 "80m"
Fri May 1 11:17:16 2026: Settings::	set vfo freq (Rx 6) 3672000
Fri May 1 11:17:16 2026: bandlist 3500000 "80m"
Fri May 1 11:17:16 2026: bandlist 3500000 "80m"
Fri May 1 11:17:16 2026: Settings::	set vfo freq (Rx 7) 3672000
Fri May 1 11:17:16 2026: Settings::	reading done.
Fri May 1 11:17:17 2026: Init::	OpenGL found.
Fri May 1 11:17:18 2026: Init::	Framebuffer Objects assumed present.
Fri May 1 11:17:19 2026: RigCtlServer::	Listening on port4532
Fri May 1 11:17:19 2026: Init::	main window setup ...
Fri May 1 11:17:19 2026: Transmitter::	create_transmitter: id=10 buffer_size=1024 mic_sample_rate=48000 mic_dsp_rate=48000 iq_output_rate=48000 output_samples=1024 fps=10
Fri May 1 11:17:19 2026: Transmitter::	transmitter: buffers allocated
Fri May 1 11:17:19 2026: Transmitter::	create_transmitter: OpenChannel id=10 buffer_size=1024 fft_size=2048 sample_rate=48000 dspRate=48000 outputRate=48000
Fri May 1 11:17:25 2026: Transmitter::	SetAnalyzer id=10 buffer_size=1024 overlap=0
Fri May 1 11:17:26 2026: HPSDRWidget::	setHPSDRHardware: current protocol =0 isP2 =false
Fri May 1 11:17:26 2026: Am carrier level load 0.5
Fri May 1 11:17:26 2026: compressionl evel load 0
Fri May 1 11:17:26 2026: Using Qt multimedia with FFmpeg version 7.1.3 LGPL version 2.1 or later
Fri May 1 11:17:26 2026: Failed to connect to pipewire instance "Host is down"
Fri May 1 11:17:26 2026: HPSDRWidget::	setHPSDRHardware: current protocol =0 isP2 =false
Fri May 1 11:17:26 2026: Am carrier level load 0.5
Fri May 1 11:17:26 2026: compressionl evel load 0
Fri May 1 11:17:26 2026: MainWindow::	main window init done
Fri May 1 11:17:26 2026: bandlist 3500000 "80m"
Fri May 1 11:17:26 2026: 3D Panel: Update rate changed to 33 ms ( 30.303 FPS)
Fri May 1 11:17:26 2026: MainWindow::	server ip from ini-file: "10.32.11.12"
Fri May 1 11:17:26 2026: MainWindow::	HPSDR device local ip from ini-file: "10.32.11.12"
Fri May 1 11:17:26 2026: MainWindow::	network interface "eno1" :
Fri May 1 11:17:26 2026: MainWindow::	  -> broadcast address: 10.32.11.255
Fri May 1 11:17:26 2026: MainWindow::	  -> ip address: 10.32.11.12
Fri May 1 11:17:26 2026: MainWindow::	found 1 valid ip addresses.
Fri May 1 11:17:26 2026: MainWindow::	HPSDR network device interface set to: "eno1"("10.32.11.12")
Fri May 1 11:17:26 2026: MainWindow::	using ip address 10.32.11.12 for the server.
Fri May 1 11:17:26 2026: MainWindow::	using ip address 10.32.11.12 for connecting to a HPSDR device.
Fri May 1 11:17:26 2026: Init::	main window setup done.
Fri May 1 11:17:27 2026: horizontal scale
Fri May 1 11:17:27 2026: Init::	running application ...

Fri May 1 11:17:29 2026: DataEngine::	HPSDR device discovery thread started.
Fri May 1 11:17:29 2026: DataEngine::	HPSDR network device detection...please wait.
Fri May 1 11:17:29 2026: Discoverer::	using 10.32.11.12 for discovery.
Fri May 1 11:17:29 2026: Discoverer::	discovery_socket bound successfully to port 52449
Fri May 1 11:17:29 2026: Discoverer::	Protocol 1 discovery data sent.
Fri May 1 11:17:29 2026: Discoverer::	Protocol 2 discovery data sent.
Fri May 1 11:17:30 2026: Discoverer::	[P1] Device found at 10.32.11.12:1024; Mac addr: [AA:BB:CC:DD:EE:FF]
Fri May 1 11:17:30 2026: Discoverer::	[P1] Device code version: 1f
Fri May 1 11:17:30 2026: Discoverer::	Board ID: 1 (Hermes) protocol=1
Fri May 1 11:17:30 2026: Discoverer::	[P2] Device found at 10.32.11.12:1024; Mac: [AA:BB:CC:DD:EE:FF] board=1 fw=19 receivers=0
Fri May 1 11:17:30 2026: Discoverer::	Board ID: 1 (Hermes) protocol=2
Fri May 1 11:17:32 2026: DataEngine::	found 2 network device(s)
Fri May 1 11:17:32 2026: DataEngine::	Device 0 @ 10.32.11.12 [AA:BB:CC:DD:EE:FF]
Fri May 1 11:17:32 2026: DataEngine::	Device 1 @ 10.32.11.12 [AA:BB:CC:DD:EE:FF]
Fri May 1 11:17:32 2026: DataEngine::	using HPSDR network device at 10.32.11.12
Fri May 1 11:17:32 2026: DataEngine::	HPSDR discovery thread stopped and deleted.
Fri May 1 11:17:32 2026: DataEngine::	[RX-ADD] initReceivers: allocating1receiver(s)
Fri May 1 11:17:32 2026: Receiver::	set Audio buffer size to: 1024
Fri May 1 11:17:32 2026: FreeDVProcessor: mode=0 modemRate=8000 speechRate=8000 decFactor=6 nomModemSamples=320 maxSpeechSamples=360
Fri May 1 11:17:32 2026: DataEngine::	[RX-ADD] initReceivers: init DSP core for rx 0
Fri May 1 11:17:32 2026: Receiver::	[RX-ADD] initQtWDSPInterface: rx=0BUFFER_SIZE=1024
Fri May 1 11:17:32 2026: WDSPEngine::	init DSPEngine with size: 1024
Fri May 1 11:17:32 2026: WDSPEngine::	[WDSP-INIT] rx=0size=1024sampleRate=48000-> calling OpenChannel
Fri May 1 11:17:32 2026: WDSPEngine::	[WDSP-INIT] rx=0OpenChannel done -> create_anbEXT
Fri May 1 11:17:32 2026: WDSPEngine::	[WDSP-INIT] rx=0create_anbEXT done -> create_nobEXT
Fri May 1 11:17:32 2026: WDSPEngine::	[WDSP-INIT] rx=0create_nobEXT done
Fri May 1 11:17:32 2026: [WDSP-INIT] rx= 0 RXASetNC( 4096 )
Fri May 1 11:17:32 2026: WDSPEngine::	nb mode1
Fri May 1 11:17:32 2026: WDSPEngine::	nb2mode0
Fri May 1 11:17:32 2026: WDSPEngine::	nf mode1
Fri May 1 11:17:32 2026: WDSPEngine::	nr2 mode0
Fri May 1 11:17:32 2026: WDSPEngine::	anf mode1
Fri May 1 11:17:32 2026: WDSPEngine::	snb mode1
Fri May 1 11:17:32 2026: WDSPEngine::	[WDSP-INIT] rx=0-> XCreateAnalyzer
Fri May 1 11:17:32 2026: WDSPEngine::	[WDSP-INIT] rx=0XCreateAnalyzer OK
Fri May 1 11:17:32 2026: SetAnalyzer id= 0 buffer_size= 1024 overlap= 2176 fft= 4096
Fri May 1 11:17:32 2026: WDSPEngine::	[WDSP-INIT] rx=0-> SetChannelState(1,0) (start channel)
Fri May 1 11:17:32 2026: WDSPEngine::	[WDSP-INIT] rx=0WDSP channel fully initialised.
Fri May 1 11:17:32 2026: Receiver::	[RX-ADD] QWDSPEngine constructed for rx=0(isValid=true)
Fri May 1 11:17:32 2026: WDSPEngine::	WDSP volume set to0.1
Fri May 1 11:17:32 2026: Receiver::	[RX-ADD] rx=0set DSP mode to:"LSB"
Fri May 1 11:17:32 2026: WDSPEngine::	[RX0] DSP mode set to0(WDSP:0)
Fri May 1 11:17:32 2026: WDSPEngine::	Set AGC line value-83.5515
Fri May 1 11:17:32 2026: WDSPEngine::	Set Filter:Low  -3050High -150
Fri May 1 11:17:32 2026: Receiver::	[RX-ADD] initQtWDSPInterface: rx=0complete (filter lo=-3050hi=-150)
Fri May 1 11:17:32 2026: DataEngine::	[RX-ADD] initReceivers: DSP core for rx0 OK — QWDSPEngine constructed and WDSP channel open
Fri May 1 11:17:32 2026: DataEngine::	Alex Configuration = 0
Fri May 1 11:17:32 2026: DataEngine::	configured for 1 receiver(s) at 48 kHz sample rate
Fri May 1 11:17:32 2026: DataProcessor::	FreeDV TX enabled: mode=0 speechRate=8000 modemRate=8000 nSpeech=320 nModem=320
Fri May 1 11:17:32 2026: DataEngine::	data processor thread started.
Fri May 1 11:17:32 2026: DataEngine::	data IO thread started.
Fri May 1 11:17:32 2026: DataIO::	Bound receiver socket to logical port 52449 (localPort=52449) with buffer size 16384
Fri May 1 11:17:32 2026: DataIO::	init frames sent to network device. 0 port 1024
Fri May 1 11:17:32 2026: DataIO::	sent start command to device at: 10.32.11.12 port 1024
Fri May 1 11:17:32 2026:  
Fri May 1 11:17:32 2026: Settings::	**********************************************************
Fri May 1 11:17:32 2026: Settings::	Error:			No error
Fri May 1 11:17:32 2026: Settings::	HW Interface:		Hermes
Fri May 1 11:17:32 2026: Settings::	Server Mode:		SDR mode
Fri May 1 11:17:32 2026: Settings::	DataEngine State:	up
Fri May 1 11:17:32 2026:  
Fri May 1 11:17:33 2026: Settings::	Set WidebandBuffers)! 32
Fri May 1 11:17:33 2026: DataEngine::	got firmware versions:
Fri May 1 11:17:33 2026: DataEngine::		Metis firmware:  0
Fri May 1 11:17:33 2026: DataEngine::		Mercury firmware:  0
Fri May 1 11:17:33 2026: DataEngine::		Penelope firmware:  0
Fri May 1 11:17:33 2026: DataEngine::		Pennylane firmware:  0
Fri May 1 11:17:33 2026: DataEngine::		Hermes firmware: 21
Fri May 1 11:17:33 2026: DataEngine::	stopping and restarting data engine.
Fri May 1 11:17:33 2026: AudioInput::	Setup: mode=analog micIndex=0 digitalIndex=0
Fri May 1 11:17:33 2026: AudioInput::	Current TX audio input device: HPSDR local mic (no host Qt input device)
Fri May 1 11:17:33 2026: AudioInput::	Audio Buffer Size: 1024
Fri May 1 11:17:33 2026: AudioInput::	Setup: mode=analog micIndex=0 digitalIndex=0
Fri May 1 11:17:33 2026: AudioInput::	Current TX audio input device: HPSDR local mic (no host Qt input device)
Fri May 1 11:17:33 2026: DataEngine::	receiver processor thread started for Rx 0
Fri May 1 11:17:33 2026: Receiver::	dspProcessing entry rx=0 count=1 iqQueue=14
Fri May 1 11:17:33 2026: DataEngine::	wide band data processor thread started.
Fri May 1 11:17:33 2026: DataEngine::	data processor thread started.
Fri May 1 11:17:33 2026: DataEngine::	data IO thread started.
Fri May 1 11:17:33 2026: WDSPEngine::	[WDSP-DSP] rx=0fexchange0 error=-2
Fri May 1 11:17:33 2026: WDSPEngine::	[WDSP-DSP] rx=0fexchange0 error=-2
Fri May 1 11:17:33 2026: WDSPEngine::	[WDSP-DSP] rx=0fexchange0 error=-2
Fri May 1 11:17:33 2026: WDSPEngine::	[WDSP-DSP] rx=0fexchange0 error=-2
Fri May 1 11:17:33 2026: WDSPEngine::	[WDSP-DSP] rx=0fexchange0 error=-2
Fri May 1 11:17:33 2026: WDSPEngine::	[WDSP-DSP] rx=0fexchange0 error=-2
Fri May 1 11:17:33 2026: WDSPEngine::	[WDSP-DSP] rx=0fexchange0 error=-2
Fri May 1 11:17:33 2026: WDSPEngine::	[WDSP-DSP] rx=0fexchange0 error=-2
Fri May 1 11:17:33 2026: WDSPEngine::	[WDSP-DSP] rx=0fexchange0 error=-2
Fri May 1 11:17:33 2026: Audio: pending overflow, dropping 8192 bytes
Fri May 1 11:17:33 2026: WDSPEngine::	[WDSP-DSP] rx=0fexchange0 error=-2
Fri May 1 11:17:33 2026: Audio: pending overflow, dropping 8192 bytes
Fri May 1 11:17:33 2026: WDSPEngine::	[WDSP-DSP] rx=0fexchange0 error=-2
Fri May 1 11:17:33 2026: Audio: pending overflow, dropping 8192 bytes
Fri May 1 11:17:33 2026: Audio: pending overflow, dropping 72 bytes
Fri May 1 11:17:33 2026: Audio: pending overflow, dropping 1232 bytes
Fri May 1 11:17:33 2026: DataIO::	init frames sent to network device. 0 port 1024
Fri May 1 11:17:33 2026: DataIO::	sent start command to device at: 10.32.11.12 port 1024
Fri May 1 11:17:33 2026:  
Fri May 1 11:17:33 2026: Settings::	**********************************************************
Fri May 1 11:17:33 2026: Settings::	Error:			No error
Fri May 1 11:17:33 2026: Settings::	HW Interface:		Hermes
Fri May 1 11:17:33 2026: Settings::	Server Mode:		SDR mode
Fri May 1 11:17:33 2026: Settings::	DataEngine State:	up
Fri May 1 11:17:33 2026:  
Fri May 1 11:17:33 2026: DataEngine::	Data Engine thread: QThread(0x584ed640b880, name = "Qt mainThread")
Fri May 1 11:17:35 2026: Receiver::	dspProcessing entry rx=0 count=101 iqQueue=1
Fri May 1 11:17:35 2026: Audio: pending overflow, dropping 376 bytes
Fri May 1 11:17:36 2026:  Radio state changed 1
Fri May 1 11:17:36 2026: Transmitter::	Set Tx filter:Low -3050 High: -150
Fri May 1 11:17:36 2026: Transmitter::	MOX: TX channel started
Fri May 1 11:17:36 2026: Radio State Change 1
Fri May 1 11:17:36 2026: Tx spectrum fetch fail
Fri May 1 11:17:37 2026: Receiver::	dspProcessing entry rx=0 count=201 iqQueue=1
Fri May 1 11:17:38 2026: Audio: pending overflow, dropping 424 bytes
Fri May 1 11:17:38 2026:  Radio state changed 0
Fri May 1 11:17:38 2026: Tx spectrum fetch fail
Fri May 1 11:17:38 2026: Tx spectrum fetch fail
Fri May 1 11:17:38 2026: Transmitter::	RX: TX channel stopped
Fri May 1 11:17:38 2026: AudioInput::	Audio input stopped
Fri May 1 11:17:38 2026: Radio State Change 0
Fri May 1 11:17:39 2026: Receiver::	dspProcessing entry rx=0 count=301 iqQueue=1
Fri May 1 11:17:39 2026:  Radio state changed 2
Fri May 1 11:17:39 2026: Transmitter::	Set Tx filter:Low -3050 High: -150
Fri May 1 11:17:39 2026: Transmitter::	TUNE: TX channel started with tone
Fri May 1 11:17:39 2026: Radio State Change 2
Fri May 1 11:17:39 2026: Tx spectrum fetch fail
Fri May 1 11:17:40 2026:  Radio state changed 0
Fri May 1 11:17:40 2026: Tx spectrum fetch fail
Fri May 1 11:17:40 2026: Transmitter::	RX: TX channel stopped
Fri May 1 11:17:40 2026: AudioInput::	Audio input stopped
Fri May 1 11:17:40 2026: Radio State Change 0
Fri May 1 11:17:41 2026: Receiver::	dspProcessing entry rx=0 count=401 iqQueue=1
Fri May 1 11:17:43 2026: DataIO::	wideband readData: total missed 3184 packages in 10 seconds.
Fri May 1 11:17:43 2026: Receiver::	DSP perf rx=0 calls=500 mean="8.3"Âµs min="4.0"Âµs max="77.9"Âµs budget="40000"Âµs iqQ=0
Fri May 1 11:17:43 2026: Receiver::	dspProcessing entry rx=0 count=501 iqQueue=1
Fri May 1 11:17:44 2026: Write 0
Fri May 1 11:17:44 2026: Settings::	save settings done.
Fri May 1 11:17:44 2026: DataIO::	sent stop command to device at: 10.32.11.12 port 1024
Fri May 1 11:17:44 2026: DataEngine::	HPSDR device stopped
Fri May 1 11:17:44 2026: DataEngine::	data IO thread not yet finished...
Fri May 1 11:17:44 2026: DataEngine::	data IO thread deleted.
Fri May 1 11:17:44 2026: DataEngine::	iq_queue empty.
Fri May 1 11:17:44 2026: DataEngine::	data processor thread deleted.
Fri May 1 11:17:44 2026: DataEngine::	wide band data processor thread deleted.
Fri May 1 11:17:44 2026: DataEngine::	device cards list cleared.
Fri May 1 11:17:44 2026: DataEngine::	[RX-STOP] stopping WDSP channel for rx0
Fri May 1 11:17:44 2026: WDSPEngine::	[WDSP-STOP] rx=0-> SetChannelState(0,0) (signal stop, no wait)
Fri May 1 11:17:44 2026: Destroy Receiver  0
Fri May 1 11:17:44 2026: WDSPEngine::	[WDSP-DESTROY] rx=0-> DestroyAnalyzer
Fri May 1 11:17:44 2026: WDSPEngine::	[WDSP-DESTROY] rx=0-> destroy_nobEXT/anbEXT
Fri May 1 11:17:44 2026: WDSPEngine::	[WDSP-DESTROY] rx=0-> CloseChannel
Fri May 1 11:17:44 2026: WDSPEngine::	[WDSP-DESTROY] rx=0done.
Fri May 1 11:17:44 2026: DataEngine::	receiver threads deleted, receivers deleted, receiver & thread list cleared.
Fri May 1 11:17:44 2026:  
Fri May 1 11:17:44 2026: Settings::	**********************************************************
Fri May 1 11:17:44 2026: Settings::	Error:			No error
Fri May 1 11:17:44 2026: Settings::	HW Interface:		Hermes
Fri May 1 11:17:44 2026: Settings::	Server Mode:		SDR mode
Fri May 1 11:17:44 2026: Settings::	DataEngine State:	down
Fri May 1 11:17:44 2026:  
Fri May 1 11:17:44 2026: DataEngine::	shut down done.
Fri May 1 11:17:44 2026: QObject::disconnect: wildcard call disconnects from destroyed signal of ServerWidget::unnamed
Fri May 1 11:17:44 2026: AudioInput::	Audio input stopped
Fri May 1 11:17:44 2026: QObject::disconnect: wildcard call disconnects from destroyed signal of OGLDisplayPanel::unnamed
Fri May 1 11:17:44 2026: QObject::disconnect: wildcard call disconnects from destroyed signal of cusdr_SetupWidget::unnamed
Fri May 1 11:17:44 2026: QObject::disconnect: wildcard call disconnects from destroyed signal of DisplayTabWidget::unnamed
Fri May 1 11:17:44 2026: QObject::disconnect: wildcard call disconnects from destroyed signal of DisplayOptionsWidget::unnamed
Fri May 1 11:17:44 2026: QObject::disconnect: wildcard call disconnects from destroyed signal of ColorOptionsWidget::unnamed
Fri May 1 11:17:44 2026: QObject::disconnect: wildcard call disconnects from destroyed signal of Options3DWidget::unnamed
Fri May 1 11:17:44 2026: QObject::disconnect: wildcard call disconnects from destroyed signal of tx_settings_dialog::tx_settings_dialog
Fri May 1 11:17:44 2026: QObject::disconnect: wildcard call disconnects from destroyed signal of AlexTabWidget::unnamed
Fri May 1 11:17:44 2026: QObject::disconnect: wildcard call disconnects from destroyed signal of AlexFilterWidget::AlexFilterWidget
Fri May 1 11:17:44 2026: QObject::disconnect: wildcard call disconnects from destroyed signal of AlexAntennaWidget::unnamed
Fri May 1 11:17:44 2026: QObject::disconnect: wildcard call disconnects from destroyed signal of ExtCtrlWidget::unnamed
Fri May 1 11:17:44 2026: QObject::disconnect: wildcard call disconnects from destroyed signal of NetworkWidget::unnamed
Fri May 1 11:17:44 2026: QObject::disconnect: wildcard call disconnects from destroyed signal of HPSDRWidget::unnamed
Fri May 1 11:17:44 2026: MainWindow delete
Fri May 1 11:17:44 2026: QObject::disconnect: wildcard call disconnects from destroyed signal of MainWindow::unnamed
Fri May 1 11:17:44 2026: QObject::disconnect: wildcard call disconnects from destroyed signal of DisplayTabWidget::unnamed
Fri May 1 11:17:44 2026: QObject::disconnect: wildcard call disconnects from destroyed signal of DisplayOptionsWidget::unnamed
Fri May 1 11:17:44 2026: QObject::disconnect: wildcard call disconnects from destroyed signal of ColorOptionsWidget::unnamed
Fri May 1 11:17:44 2026: QObject::disconnect: wildcard call disconnects from destroyed signal of Options3DWidget::unnamed
Fri May 1 11:17:44 2026: QObject::disconnect: wildcard call disconnects from destroyed signal of cusdr_SetupWidget::unnamed
Fri May 1 11:17:44 2026: QObject::disconnect: wildcard call disconnects from destroyed signal of tx_settings_dialog::tx_settings_dialog
Fri May 1 11:17:44 2026: QObject::disconnect: wildcard call disconnects from destroyed signal of AlexTabWidget::unnamed
Fri May 1 11:17:44 2026: QObject::disconnect: wildcard call disconnects from destroyed signal of AlexFilterWidget::AlexFilterWidget
Fri May 1 11:17:44 2026: QObject::disconnect: wildcard call disconnects from destroyed signal of AlexAntennaWidget::unnamed
Fri May 1 11:17:44 2026: QObject::disconnect: wildcard call disconnects from destroyed signal of ExtCtrlWidget::unnamed
Fri May 1 11:17:44 2026: QObject::disconnect: wildcard call disconnects from destroyed signal of NetworkWidget::unnamed
Fri May 1 11:17:44 2026: QObject::disconnect: wildcard call disconnects from destroyed signal of HPSDRWidget::unnamed
Fri May 1 11:17:44 2026: rx panel destructor 0
Fri May 1 11:17:44 2026: QObject::disconnect: wildcard call disconnects from destroyed signal of RadioPopupWidget::unnamed
Fri May 1 11:17:44 2026: QObject::disconnect: wildcard call disconnects from destroyed signal of AGCOptionsWidget::unnamed
Fri May 1 11:17:44 2026: rx panel destructor 1
Fri May 1 11:17:44 2026: QObject::disconnect: wildcard call disconnects from destroyed signal of RadioPopupWidget::unnamed
Fri May 1 11:17:44 2026: QObject::disconnect: wildcard call disconnects from destroyed signal of AGCOptionsWidget::unnamed
Fri May 1 11:17:44 2026: rx panel destructor 2
Fri May 1 11:17:44 2026: QObject::disconnect: wildcard call disconnects from destroyed signal of RadioPopupWidget::unnamed
Fri May 1 11:17:44 2026: QObject::disconnect: wildcard call disconnects from destroyed signal of AGCOptionsWidget::unnamed
Fri May 1 11:17:44 2026: rx panel destructor 3
Fri May 1 11:17:44 2026: QObject::disconnect: wildcard call disconnects from destroyed signal of RadioPopupWidget::unnamed
Fri May 1 11:17:44 2026: QObject::disconnect: wildcard call disconnects from destroyed signal of AGCOptionsWidget::unnamed
Fri May 1 11:17:44 2026: rx panel destructor 4
Fri May 1 11:17:44 2026: QObject::disconnect: wildcard call disconnects from destroyed signal of RadioPopupWidget::unnamed
Fri May 1 11:17:44 2026: QObject::disconnect: wildcard call disconnects from destroyed signal of AGCOptionsWidget::unnamed
Fri May 1 11:17:44 2026: rx panel destructor 5
Fri May 1 11:17:44 2026: QObject::disconnect: wildcard call disconnects from destroyed signal of RadioPopupWidget::unnamed
Fri May 1 11:17:44 2026: QObject::disconnect: wildcard call disconnects from destroyed signal of AGCOptionsWidget::unnamed
Fri May 1 11:17:44 2026: rx panel destructor 6
Fri May 1 11:17:44 2026: QObject::disconnect: wildcard call disconnects from destroyed signal of RadioPopupWidget::unnamed
Fri May 1 11:17:44 2026: QObject::disconnect: wildcard call disconnects from destroyed signal of AGCOptionsWidget::unnamed
Fri May 1 11:17:44 2026: rx panel destructor 7
Fri May 1 11:17:44 2026: QObject::disconnect: wildcard call disconnects from destroyed signal of RadioPopupWidget::unnamed
Fri May 1 11:17:44 2026: QObject::disconnect: wildcard call disconnects from destroyed signal of AGCOptionsWidget::unnamed
2026-05-16 10:36:20.900 [DEBUG] Settings::	start at: Sat May 16 10:36:20 2026
2026-05-16 10:36:20.900 [DEBUG] cfg dir  "/home/sae/.cudaSDR"
2026-05-16 10:36:20.900 [DEBUG] "/home/sae/.cudaSDR"
2026-05-16 10:36:20.900 [DEBUG] cudaSDR BETA
2026-05-16 10:36:20.905 [WARN ] QString::arg: Argument missing: "(C) 2011-2018 DL3HVH, 2020-%i ZL2BRG", 2026
2026-05-16 10:36:21.410 [DEBUG] internal "off"
2026-05-16 10:36:21.410 [DEBUG] Settings::	Alex config: 0
2026-05-16 10:36:21.410 [DEBUG] bandlist 3500000 "80m"
2026-05-16 10:36:21.411 [DEBUG] bandlist 3500000 "80m"
2026-05-16 10:36:21.411 [DEBUG] Settings::	set vfo freq (Rx 0) 3672000
2026-05-16 10:36:21.411 [DEBUG] bandlist 3500000 "80m"
2026-05-16 10:36:21.411 [DEBUG] bandlist 3500000 "80m"
2026-05-16 10:36:21.411 [DEBUG] Settings::	set vfo freq (Rx 1) 3672000
2026-05-16 10:36:21.411 [DEBUG] bandlist 3500000 "80m"
2026-05-16 10:36:21.411 [DEBUG] bandlist 3500000 "80m"
2026-05-16 10:36:21.411 [DEBUG] Settings::	set vfo freq (Rx 2) 3672000
2026-05-16 10:36:21.411 [DEBUG] bandlist 3500000 "80m"
2026-05-16 10:36:21.411 [DEBUG] bandlist 3500000 "80m"
2026-05-16 10:36:21.411 [DEBUG] Settings::	set vfo freq (Rx 3) 3672000
2026-05-16 10:36:21.411 [DEBUG] bandlist 3500000 "80m"
2026-05-16 10:36:21.411 [DEBUG] bandlist 3500000 "80m"
2026-05-16 10:36:21.411 [DEBUG] Settings::	set vfo freq (Rx 4) 3672000
2026-05-16 10:36:21.411 [DEBUG] bandlist 3500000 "80m"
2026-05-16 10:36:21.411 [DEBUG] bandlist 3500000 "80m"
2026-05-16 10:36:21.411 [DEBUG] Settings::	set vfo freq (Rx 5) 3672000
2026-05-16 10:36:21.411 [DEBUG] bandlist 3500000 "80m"
2026-05-16 10:36:21.411 [DEBUG] bandlist 3500000 "80m"
2026-05-16 10:36:21.411 [DEBUG] Settings::	set vfo freq (Rx 6) 3672000
2026-05-16 10:36:21.411 [DEBUG] bandlist 3500000 "80m"
2026-05-16 10:36:21.411 [DEBUG] bandlist 3500000 "80m"
2026-05-16 10:36:21.411 [DEBUG] Settings::	set vfo freq (Rx 7) 3672000
2026-05-16 10:36:21.412 [DEBUG] Settings::	reading done.
2026-05-16 10:36:22.578 [DEBUG] Init::	OpenGL found.
2026-05-16 10:36:23.579 [DEBUG] Init::	Framebuffer Objects assumed present.
2026-05-16 10:36:23.679 [DEBUG] RigCtlServer::	Listening on port4532
2026-05-16 10:36:23.679 [DEBUG] Init::	main window setup ...
2026-05-16 10:36:23.693 [DEBUG] Transmitter::	create_transmitter: id=10 buffer_size=1024 mic_sample_rate=48000 mic_dsp_rate=48000 iq_output_rate=48000 output_samples=1024 fps=10
2026-05-16 10:36:23.693 [DEBUG] Transmitter::	transmitter: buffers allocated
2026-05-16 10:36:23.693 [DEBUG] Transmitter::	create_transmitter: OpenChannel id=10 buffer_size=1024 fft_size=2048 sample_rate=48000 dspRate=48000 outputRate=48000
2026-05-16 10:36:29.855 [DEBUG] Transmitter::	SetAnalyzer id=10 buffer_size=1024 overlap=0
2026-05-16 10:36:30.878 [DEBUG] HPSDRWidget::	setHPSDRHardware: current protocol =0 isP2 =false
2026-05-16 10:36:30.908 [DEBUG] Am carrier level load 0.5
2026-05-16 10:36:30.908 [DEBUG] compressionl evel load 0
2026-05-16 10:36:30.926 [INFO ] Using Qt multimedia with FFmpeg version 7.1.3 LGPL version 2.1 or later
2026-05-16 10:36:30.931 [INFO ] Failed to connect to pipewire instance "Host is down"
2026-05-16 10:36:30.973 [DEBUG] HPSDRWidget::	setHPSDRHardware: current protocol =0 isP2 =false
2026-05-16 10:36:31.002 [DEBUG] Am carrier level load 0.5
2026-05-16 10:36:31.002 [DEBUG] compressionl evel load 0
2026-05-16 10:36:31.081 [DEBUG] MainWindow::	main window init done
2026-05-16 10:36:31.082 [DEBUG] bandlist 3500000 "80m"
2026-05-16 10:36:31.431 [DEBUG] 3D Panel: Update rate changed to 33 ms ( 30.303 FPS)
2026-05-16 10:36:31.431 [DEBUG] MainWindow::	server ip from ini-file: "127.0.0.1"
2026-05-16 10:36:31.431 [DEBUG] MainWindow::	HPSDR device local ip from ini-file: "127.0.0.1"
2026-05-16 10:36:31.432 [DEBUG] MainWindow::	network interface "eno1" :
2026-05-16 10:36:31.432 [DEBUG] MainWindow::	  -> broadcast address: 10.32.11.255
2026-05-16 10:36:31.432 [DEBUG] MainWindow::	  -> ip address: 10.32.11.12
2026-05-16 10:36:31.432 [DEBUG] MainWindow::	found 1 valid ip addresses.
2026-05-16 10:36:31.432 [DEBUG] MainWindow::	HPSDR network device interface set to: "eno1"("10.32.11.12")
2026-05-16 10:36:31.432 [DEBUG] MainWindow::	using ip address 10.32.11.12 for the server.
2026-05-16 10:36:31.432 [DEBUG] MainWindow::	using ip address 10.32.11.12 for connecting to a HPSDR device.
2026-05-16 10:36:31.432 [DEBUG] Init::	main window setup done.
2026-05-16 10:36:31.822 [DEBUG] Init::	running application ...

2026-05-16 12:18:53.374 [DEBUG] Settings::	start at: Sat May 16 12:18:53 2026
2026-05-16 12:18:53.374 [DEBUG] cfg dir  "/home/sae/.cudaSDR"
2026-05-16 12:18:53.374 [DEBUG] "/home/sae/.cudaSDR"
2026-05-16 12:18:53.374 [DEBUG] cudaSDR BETA
2026-05-16 12:18:53.379 [WARN ] QString::arg: Argument missing: "(C) 2011-2018 DL3HVH, 2020-%i ZL2BRG", 2026
2026-05-16 12:18:53.891 [DEBUG] internal "off"
2026-05-16 12:18:53.891 [DEBUG] Settings::	Alex config: 0
2026-05-16 12:18:53.891 [DEBUG] bandlist 3500000 "80m"
2026-05-16 12:18:53.891 [DEBUG] bandlist 3500000 "80m"
2026-05-16 12:18:53.891 [DEBUG] Settings::	set vfo freq (Rx 0) 3672000
2026-05-16 12:18:53.891 [DEBUG] bandlist 3500000 "80m"
2026-05-16 12:18:53.891 [DEBUG] bandlist 3500000 "80m"
2026-05-16 12:18:53.891 [DEBUG] Settings::	set vfo freq (Rx 1) 3672000
2026-05-16 12:18:53.891 [DEBUG] bandlist 3500000 "80m"
2026-05-16 12:18:53.891 [DEBUG] bandlist 3500000 "80m"
2026-05-16 12:18:53.891 [DEBUG] Settings::	set vfo freq (Rx 2) 3672000
2026-05-16 12:18:53.891 [DEBUG] bandlist 3500000 "80m"
2026-05-16 12:18:53.891 [DEBUG] bandlist 3500000 "80m"
2026-05-16 12:18:53.891 [DEBUG] Settings::	set vfo freq (Rx 3) 3672000
2026-05-16 12:18:53.891 [DEBUG] bandlist 3500000 "80m"
2026-05-16 12:18:53.891 [DEBUG] bandlist 3500000 "80m"
2026-05-16 12:18:53.891 [DEBUG] Settings::	set vfo freq (Rx 4) 3672000
2026-05-16 12:18:53.891 [DEBUG] bandlist 3500000 "80m"
2026-05-16 12:18:53.891 [DEBUG] bandlist 3500000 "80m"
2026-05-16 12:18:53.891 [DEBUG] Settings::	set vfo freq (Rx 5) 3672000
2026-05-16 12:18:53.891 [DEBUG] bandlist 3500000 "80m"
2026-05-16 12:18:53.891 [DEBUG] bandlist 3500000 "80m"
2026-05-16 12:18:53.891 [DEBUG] Settings::	set vfo freq (Rx 6) 3672000
2026-05-16 12:18:53.891 [DEBUG] bandlist 3500000 "80m"
2026-05-16 12:18:53.891 [DEBUG] bandlist 3500000 "80m"
2026-05-16 12:18:53.891 [DEBUG] Settings::	set vfo freq (Rx 7) 3672000
2026-05-16 12:18:53.891 [DEBUG] Settings::	reading done.
2026-05-16 12:18:55.053 [DEBUG] Init::	OpenGL found.
2026-05-16 12:18:56.055 [DEBUG] Init::	Framebuffer Objects assumed present.
2026-05-16 12:18:56.155 [DEBUG] RigCtlServer::	Listening on port4532
2026-05-16 12:18:56.155 [DEBUG] Init::	main window setup ...
2026-05-16 12:18:56.173 [DEBUG] Transmitter::	create_transmitter: id=10 buffer_size=1024 mic_sample_rate=48000 mic_dsp_rate=48000 iq_output_rate=48000 output_samples=1024 fps=10
2026-05-16 12:18:56.173 [DEBUG] Transmitter::	transmitter: buffers allocated
2026-05-16 12:18:56.173 [DEBUG] Transmitter::	create_transmitter: OpenChannel id=10 buffer_size=1024 fft_size=2048 sample_rate=48000 dspRate=48000 outputRate=48000
2026-05-16 12:19:02.412 [DEBUG] Transmitter::	SetAnalyzer id=10 buffer_size=1024 overlap=0
2026-05-16 12:19:03.543 [DEBUG] HPSDRWidget::	setHPSDRHardware: current protocol =0 isP2 =false
2026-05-16 12:19:03.573 [DEBUG] Am carrier level load 0.5
2026-05-16 12:19:03.573 [DEBUG] compressionl evel load 0
2026-05-16 12:19:03.592 [INFO ] Using Qt multimedia with FFmpeg version 7.1.3 LGPL version 2.1 or later
2026-05-16 12:19:03.596 [INFO ] Failed to connect to pipewire instance "Host is down"
2026-05-16 12:19:03.638 [DEBUG] HPSDRWidget::	setHPSDRHardware: current protocol =0 isP2 =false
2026-05-16 12:19:03.665 [DEBUG] Am carrier level load 0.5
2026-05-16 12:19:03.665 [DEBUG] compressionl evel load 0
2026-05-16 12:19:03.751 [DEBUG] MainWindow::	main window init done
2026-05-16 12:19:03.752 [DEBUG] bandlist 3500000 "80m"
2026-05-16 12:19:04.112 [DEBUG] 3D Panel: Update rate changed to 33 ms ( 30.303 FPS)
2026-05-16 12:19:04.112 [DEBUG] MainWindow::	server ip from ini-file: "127.0.0.1"
2026-05-16 12:19:04.112 [DEBUG] MainWindow::	HPSDR device local ip from ini-file: "127.0.0.1"
2026-05-16 12:19:04.112 [DEBUG] MainWindow::	network interface "eno1" :
2026-05-16 12:19:04.112 [DEBUG] MainWindow::	  -> broadcast address: 10.32.11.255
2026-05-16 12:19:04.112 [DEBUG] MainWindow::	  -> ip address: 10.32.11.12
2026-05-16 12:19:04.112 [DEBUG] MainWindow::	found 1 valid ip addresses.
2026-05-16 12:19:04.112 [DEBUG] MainWindow::	HPSDR network device interface set to: "eno1"("10.32.11.12")
2026-05-16 12:19:04.112 [DEBUG] MainWindow::	using ip address 10.32.11.12 for the server.
2026-05-16 12:19:04.112 [DEBUG] MainWindow::	using ip address 10.32.11.12 for connecting to a HPSDR device.
2026-05-16 12:19:04.113 [DEBUG] Init::	main window setup done.
2026-05-16 12:19:04.495 [DEBUG] Init::	running application ...

2026-05-16 13:37:55.310 [DEBUG] Settings::	start at: Sat May 16 13:37:55 2026
2026-05-16 13:37:55.310 [DEBUG] cfg dir  "/home/sae/.cudaSDR"
2026-05-16 13:37:55.310 [DEBUG] "/home/sae/.cudaSDR"
2026-05-16 13:37:55.310 [DEBUG] cudaSDR BETA
2026-05-16 13:37:55.315 [WARN ] QString::arg: Argument missing: "(C) 2011-2018 DL3HVH, 2020-%i ZL2BRG", 2026
2026-05-16 13:37:55.820 [DEBUG] internal "off"
2026-05-16 13:37:55.820 [DEBUG] Settings::	Alex config: 0
2026-05-16 13:37:55.820 [DEBUG] bandlist 3500000 "80m"
2026-05-16 13:37:55.820 [DEBUG] bandlist 3500000 "80m"
2026-05-16 13:37:55.820 [DEBUG] Settings::	set vfo freq (Rx 0) 3672000
2026-05-16 13:37:55.820 [DEBUG] bandlist 3500000 "80m"
2026-05-16 13:37:55.820 [DEBUG] bandlist 3500000 "80m"
2026-05-16 13:37:55.820 [DEBUG] Settings::	set vfo freq (Rx 1) 3672000
2026-05-16 13:37:55.820 [DEBUG] bandlist 3500000 "80m"
2026-05-16 13:37:55.820 [DEBUG] bandlist 3500000 "80m"
2026-05-16 13:37:55.820 [DEBUG] Settings::	set vfo freq (Rx 2) 3672000
2026-05-16 13:37:55.820 [DEBUG] bandlist 3500000 "80m"
2026-05-16 13:37:55.820 [DEBUG] bandlist 3500000 "80m"
2026-05-16 13:37:55.820 [DEBUG] Settings::	set vfo freq (Rx 3) 3672000
2026-05-16 13:37:55.820 [DEBUG] bandlist 3500000 "80m"
2026-05-16 13:37:55.820 [DEBUG] bandlist 3500000 "80m"
2026-05-16 13:37:55.820 [DEBUG] Settings::	set vfo freq (Rx 4) 3672000
2026-05-16 13:37:55.820 [DEBUG] bandlist 3500000 "80m"
2026-05-16 13:37:55.820 [DEBUG] bandlist 3500000 "80m"
2026-05-16 13:37:55.820 [DEBUG] Settings::	set vfo freq (Rx 5) 3672000
2026-05-16 13:37:55.821 [DEBUG] bandlist 3500000 "80m"
2026-05-16 13:37:55.821 [DEBUG] bandlist 3500000 "80m"
2026-05-16 13:37:55.821 [DEBUG] Settings::	set vfo freq (Rx 6) 3672000
2026-05-16 13:37:55.821 [DEBUG] bandlist 3500000 "80m"
2026-05-16 13:37:55.821 [DEBUG] bandlist 3500000 "80m"
2026-05-16 13:37:55.821 [DEBUG] Settings::	set vfo freq (Rx 7) 3672000
2026-05-16 13:37:55.821 [DEBUG] Settings::	reading done.
2026-05-16 13:37:57.021 [DEBUG] Init::	OpenGL found.
2026-05-16 13:37:58.021 [DEBUG] Init::	Framebuffer Objects assumed present.
2026-05-16 13:37:58.122 [DEBUG] RigCtlServer::	Listening on port4532
2026-05-16 13:37:58.122 [DEBUG] Init::	main window setup ...
2026-05-16 13:37:58.135 [DEBUG] Transmitter::	create_transmitter: id=10 buffer_size=1024 mic_sample_rate=48000 mic_dsp_rate=48000 iq_output_rate=48000 output_samples=1024 fps=10
2026-05-16 13:37:58.135 [DEBUG] Transmitter::	transmitter: buffers allocated
2026-05-16 13:37:58.135 [DEBUG] Transmitter::	create_transmitter: OpenChannel id=10 buffer_size=1024 fft_size=2048 sample_rate=48000 dspRate=48000 outputRate=48000
2026-05-16 13:38:04.324 [DEBUG] Transmitter::	SetAnalyzer id=10 buffer_size=1024 overlap=0
2026-05-16 13:38:05.358 [DEBUG] HPSDRWidget::	setHPSDRHardware: current protocol =0 isP2 =false
2026-05-16 13:38:05.388 [DEBUG] Am carrier level load 0.5
2026-05-16 13:38:05.388 [DEBUG] compressionl evel load 0
2026-05-16 13:38:05.407 [INFO ] Using Qt multimedia with FFmpeg version 7.1.3 LGPL version 2.1 or later
2026-05-16 13:38:05.418 [INFO ] Failed to connect to pipewire instance "Host is down"
2026-05-16 13:38:05.458 [DEBUG] HPSDRWidget::	setHPSDRHardware: current protocol =0 isP2 =false
2026-05-16 13:38:05.484 [DEBUG] Am carrier level load 0.5
2026-05-16 13:38:05.484 [DEBUG] compressionl evel load 0
2026-05-16 13:38:05.561 [DEBUG] MainWindow::	main window init done
2026-05-16 13:38:05.562 [DEBUG] bandlist 3500000 "80m"
2026-05-16 13:38:05.892 [DEBUG] 3D Panel: Update rate changed to 33 ms ( 30.303 FPS)
2026-05-16 13:38:05.892 [DEBUG] MainWindow::	server ip from ini-file: "127.0.0.1"
2026-05-16 13:38:05.892 [DEBUG] MainWindow::	HPSDR device local ip from ini-file: "127.0.0.1"
2026-05-16 13:38:05.892 [DEBUG] MainWindow::	network interface "eno1" :
2026-05-16 13:38:05.892 [DEBUG] MainWindow::	  -> broadcast address: 10.32.11.255
2026-05-16 13:38:05.892 [DEBUG] MainWindow::	  -> ip address: 10.32.11.12
2026-05-16 13:38:05.893 [DEBUG] MainWindow::	found 1 valid ip addresses.
2026-05-16 13:38:05.893 [DEBUG] MainWindow::	HPSDR network device interface set to: "eno1"("10.32.11.12")
2026-05-16 13:38:05.893 [DEBUG] MainWindow::	using ip address 10.32.11.12 for the server.
2026-05-16 13:38:05.893 [DEBUG] MainWindow::	using ip address 10.32.11.12 for connecting to a HPSDR device.
2026-05-16 13:38:05.893 [DEBUG] Init::	main window setup done.
2026-05-16 13:38:06.282 [DEBUG] Init::	running application ...

2026-05-16 13:40:50.938 [DEBUG] DataEngine::	HPSDR device discovery thread started.
2026-05-16 13:40:50.938 [DEBUG] DataEngine::	HPSDR network device detection...please wait.
2026-05-16 13:40:50.938 [DEBUG] Discoverer::	using 10.32.11.12 for discovery.
2026-05-16 13:40:50.938 [DEBUG] Discoverer::	discovery_socket bound successfully to port 46339
2026-05-16 13:40:50.938 [DEBUG] Discoverer::	Protocol 1 discovery data sent.
2026-05-16 13:40:50.938 [DEBUG] Discoverer::	Protocol 2 discovery data sent.
2026-05-16 13:40:51.438 [DEBUG] Discoverer::	[P1] Device found at 10.32.11.12:1024; Mac addr: [AA:BB:CC:DD:EE:FF]
2026-05-16 13:40:51.438 [DEBUG] Discoverer::	[P1] Device code version: 1f
2026-05-16 13:40:51.438 [DEBUG] Discoverer::	Board ID: 1 (Hermes) protocol=1
2026-05-16 13:40:51.438 [DEBUG] Discoverer::	Device selected: 10.32.11.12
2026-05-16 13:40:51.438 [DEBUG] DataEngine::	found 1 network device(s)
2026-05-16 13:40:51.438 [DEBUG] DataEngine::	Device 0 @ 10.32.11.12 [AA:BB:CC:DD:EE:FF]
2026-05-16 13:40:51.438 [DEBUG] DataEngine::	using HPSDR network device at 10.32.11.12
2026-05-16 13:40:51.539 [DEBUG] DataEngine::	HPSDR discovery thread stopped and deleted.
2026-05-16 13:40:51.539 [DEBUG] DataEngine::	[RX-ADD] initReceivers: allocating1receiver(s)
2026-05-16 13:40:51.539 [DEBUG] Receiver::	set Audio buffer size to: 1024
2026-05-16 13:40:51.540 [DEBUG] FreeDVProcessor: mode=0 modemRate=8000 speechRate=8000 decFactor=6 nomModemSamples=320 maxSpeechSamples=360
2026-05-16 13:40:51.540 [DEBUG] DataEngine::	[RX-ADD] initReceivers: init DSP core for rx 0
2026-05-16 13:40:51.540 [DEBUG] Receiver::	[RX-ADD] initQtWDSPInterface: rx=0BUFFER_SIZE=1024
2026-05-16 13:40:51.540 [DEBUG] WDSPEngine::	init DSPEngine with size: 1024
2026-05-16 13:40:51.641 [DEBUG] WDSPEngine::	[WDSP-INIT] rx=0size=1024sampleRate=48000-> calling OpenChannel
2026-05-16 13:40:51.688 [DEBUG] WDSPEngine::	[WDSP-INIT] rx=0OpenChannel done -> create_anbEXT
2026-05-16 13:40:51.688 [DEBUG] WDSPEngine::	[WDSP-INIT] rx=0create_anbEXT done -> create_nobEXT
2026-05-16 13:40:51.688 [DEBUG] WDSPEngine::	[WDSP-INIT] rx=0create_nobEXT done
2026-05-16 13:40:51.688 [DEBUG] [WDSP-INIT] rx= 0 RXASetNC( 4096 )
2026-05-16 13:40:51.851 [DEBUG] WDSPEngine::	nb mode1
2026-05-16 13:40:51.851 [DEBUG] WDSPEngine::	nb2mode0
2026-05-16 13:40:51.851 [DEBUG] WDSPEngine::	nf mode1
2026-05-16 13:40:51.851 [DEBUG] WDSPEngine::	nr2 mode0
2026-05-16 13:40:51.851 [DEBUG] WDSPEngine::	anf mode1
2026-05-16 13:40:51.851 [DEBUG] WDSPEngine::	snb mode1
2026-05-16 13:40:51.851 [DEBUG] WDSPEngine::	[WDSP-INIT] rx=0-> XCreateAnalyzer
2026-05-16 13:40:51.871 [DEBUG] WDSPEngine::	[WDSP-INIT] rx=0XCreateAnalyzer OK
2026-05-16 13:40:51.871 [DEBUG] SetAnalyzer id= 0 buffer_size= 1024 overlap= 2176 fft= 4096
2026-05-16 13:40:51.871 [DEBUG] WDSPEngine::	[WDSP-INIT] rx=0-> SetChannelState(1,0) (start channel)
2026-05-16 13:40:51.871 [DEBUG] WDSPEngine::	[WDSP-INIT] rx=0WDSP channel fully initialised.
2026-05-16 13:40:51.871 [DEBUG] Receiver::	[RX-ADD] QWDSPEngine constructed for rx=0(isValid=true)
2026-05-16 13:40:51.871 [DEBUG] WDSPEngine::	WDSP volume set to0.1
2026-05-16 13:40:51.871 [DEBUG] Receiver::	[RX-ADD] rx=0set DSP mode to:"LSB"
2026-05-16 13:40:51.871 [DEBUG] WDSPEngine::	[RX0] DSP mode set to0(WDSP:0)
2026-05-16 13:40:51.872 [DEBUG] WDSPEngine::	Set AGC line value-83.5515
2026-05-16 13:40:51.872 [DEBUG] WDSPEngine::	Set Filter:Low  -3050High -150
2026-05-16 13:40:51.872 [DEBUG] Receiver::	[RX-ADD] initQtWDSPInterface: rx=0complete (filter lo=-3050hi=-150)
2026-05-16 13:40:51.872 [DEBUG] DataEngine::	[RX-ADD] initReceivers: DSP core for rx0 OK — QWDSPEngine constructed and WDSP channel open
2026-05-16 13:40:51.872 [DEBUG] DataEngine::	Alex Configuration = 0
2026-05-16 13:40:51.872 [DEBUG] DataEngine::	configured for 1 receiver(s) at 48 kHz sample rate
2026-05-16 13:40:51.872 [DEBUG] DataProcessor::	FreeDV TX enabled: mode=0 speechRate=8000 modemRate=8000 nSpeech=320 nModem=320
2026-05-16 13:40:51.872 [DEBUG] DataEngine::	data processor thread started.
2026-05-16 13:40:51.872 [DEBUG] DataEngine::	data IO thread started.
2026-05-16 13:40:51.872 [DEBUG] DataIO::	Bound receiver socket to logical port 46339 (localPort=46339) with buffer size 16384
2026-05-16 13:40:51.972 [DEBUG] DataIO::	init frames sent to network device. 0 port 1024
2026-05-16 13:40:51.972 [DEBUG] DataIO::	sent start command to device at: 10.32.11.12 port 1024
2026-05-16 13:40:51.972 [DEBUG]  
2026-05-16 13:40:51.972 [DEBUG] Settings::	**********************************************************
2026-05-16 13:40:51.972 [DEBUG] Settings::	Error:			No error
2026-05-16 13:40:51.972 [DEBUG] Settings::	HW Interface:		Metis
2026-05-16 13:40:51.972 [DEBUG] Settings::	Server Mode:		SDR mode
2026-05-16 13:40:51.972 [DEBUG] Settings::	DataEngine State:	up
2026-05-16 13:40:51.972 [DEBUG]  
2026-05-16 13:40:52.273 [DEBUG] DataIO::	sent stop command to device at: 10.32.11.12 port 1024
2026-05-16 13:40:52.273 [DEBUG] DataEngine::	HPSDR device stopped
2026-05-16 13:40:52.273 [DEBUG] DataEngine::	data IO thread not yet finished...
2026-05-16 13:40:52.273 [DEBUG] DataEngine::	data IO thread deleted.
2026-05-16 13:40:52.373 [DEBUG] DataEngine::	iq_queue empty.
2026-05-16 13:40:52.373 [DEBUG] DataEngine::	data processor thread deleted.
2026-05-16 13:40:52.474 [DEBUG] DataEngine::	device cards list cleared.
2026-05-16 13:40:52.474 [DEBUG] DataEngine::	[RX-STOP] stopping WDSP channel for rx0
2026-05-16 13:40:52.474 [DEBUG] WDSPEngine::	[WDSP-STOP] rx=0-> SetChannelState(0,0) (signal stop, no wait)
2026-05-16 13:40:52.479 [DEBUG] Destroy Receiver  0
2026-05-16 13:40:52.479 [DEBUG] WDSPEngine::	[WDSP-DESTROY] rx=0-> DestroyAnalyzer
2026-05-16 13:40:52.479 [DEBUG] WDSPEngine::	[WDSP-DESTROY] rx=0-> destroy_nobEXT/anbEXT
2026-05-16 13:40:52.479 [DEBUG] WDSPEngine::	[WDSP-DESTROY] rx=0-> CloseChannel
2026-05-16 13:40:52.506 [DEBUG] WDSPEngine::	[WDSP-DESTROY] rx=0done.
2026-05-16 13:40:52.506 [DEBUG] DataEngine::	receiver threads deleted, receivers deleted, receiver & thread list cleared.
2026-05-16 13:40:52.506 [DEBUG]  
2026-05-16 13:40:52.506 [DEBUG] Settings::	**********************************************************
2026-05-16 13:40:52.506 [DEBUG] Settings::	Error:			No error
2026-05-16 13:40:52.506 [DEBUG] Settings::	HW Interface:		Metis
2026-05-16 13:40:52.506 [DEBUG] Settings::	Server Mode:		SDR mode
2026-05-16 13:40:52.506 [DEBUG] Settings::	DataEngine State:	down
2026-05-16 13:40:52.506 [DEBUG]  
2026-05-16 13:40:52.506 [DEBUG] DataEngine::	shut down done.
2026-05-16 13:40:52.506 [DEBUG] DataEngine::	shut down done.
2026-05-16 13:40:52.507 [DEBUG] Settings::	save settings done.
2026-05-16 13:40:58.449 [WARN ] QObject::disconnect: wildcard call disconnects from destroyed signal of ServerWidget::unnamed
2026-05-16 13:40:58.449 [WARN ] QObject::disconnect: wildcard call disconnects from destroyed signal of OGLDisplayPanel::unnamed
2026-05-16 13:40:58.450 [WARN ] QObject::disconnect: wildcard call disconnects from destroyed signal of cusdr_SetupWidget::unnamed
2026-05-16 13:40:58.450 [WARN ] QObject::disconnect: wildcard call disconnects from destroyed signal of DisplayTabWidget::unnamed
2026-05-16 13:40:58.450 [WARN ] QObject::disconnect: wildcard call disconnects from destroyed signal of DisplayOptionsWidget::unnamed
2026-05-16 13:40:58.452 [WARN ] QObject::disconnect: wildcard call disconnects from destroyed signal of ColorOptionsWidget::unnamed
2026-05-16 13:40:58.452 [WARN ] QObject::disconnect: wildcard call disconnects from destroyed signal of Options3DWidget::unnamed
2026-05-16 13:40:58.452 [WARN ] QObject::disconnect: wildcard call disconnects from destroyed signal of tx_settings_dialog::tx_settings_dialog
2026-05-16 13:40:58.453 [WARN ] QObject::disconnect: wildcard call disconnects from destroyed signal of AlexTabWidget::unnamed
2026-05-16 13:40:58.453 [WARN ] QObject::disconnect: wildcard call disconnects from destroyed signal of AlexFilterWidget::AlexFilterWidget
2026-05-16 13:40:58.454 [WARN ] QObject::disconnect: wildcard call disconnects from destroyed signal of AlexAntennaWidget::unnamed
2026-05-16 13:40:58.455 [WARN ] QObject::disconnect: wildcard call disconnects from destroyed signal of ExtCtrlWidget::unnamed
2026-05-16 13:40:58.458 [WARN ] QObject::disconnect: wildcard call disconnects from destroyed signal of NetworkWidget::unnamed
2026-05-16 13:40:58.458 [WARN ] QObject::disconnect: wildcard call disconnects from destroyed signal of HPSDRWidget::unnamed
2026-05-16 13:40:58.475 [DEBUG] MainWindow delete
2026-05-16 13:40:58.475 [WARN ] QObject::disconnect: wildcard call disconnects from destroyed signal of MainWindow::unnamed
2026-05-16 13:40:58.476 [WARN ] QObject::disconnect: wildcard call disconnects from destroyed signal of DisplayTabWidget::unnamed
2026-05-16 13:40:58.476 [WARN ] QObject::disconnect: wildcard call disconnects from destroyed signal of DisplayOptionsWidget::unnamed
2026-05-16 13:40:58.477 [WARN ] QObject::disconnect: wildcard call disconnects from destroyed signal of ColorOptionsWidget::unnamed
2026-05-16 13:40:58.478 [WARN ] QObject::disconnect: wildcard call disconnects from destroyed signal of Options3DWidget::unnamed
2026-05-16 13:40:58.479 [WARN ] QObject::disconnect: wildcard call disconnects from destroyed signal of cusdr_SetupWidget::unnamed
2026-05-16 13:40:58.479 [WARN ] QObject::disconnect: wildcard call disconnects from destroyed signal of tx_settings_dialog::tx_settings_dialog
2026-05-16 13:40:58.479 [WARN ] QObject::disconnect: wildcard call disconnects from destroyed signal of AlexTabWidget::unnamed
2026-05-16 13:40:58.480 [WARN ] QObject::disconnect: wildcard call disconnects from destroyed signal of AlexFilterWidget::AlexFilterWidget
2026-05-16 13:40:58.481 [WARN ] QObject::disconnect: wildcard call disconnects from destroyed signal of AlexAntennaWidget::unnamed
2026-05-16 13:40:58.484 [WARN ] QObject::disconnect: wildcard call disconnects from destroyed signal of ExtCtrlWidget::unnamed
2026-05-16 13:40:58.490 [WARN ] QObject::disconnect: wildcard call disconnects from destroyed signal of NetworkWidget::unnamed
2026-05-16 13:40:58.491 [WARN ] QObject::disconnect: wildcard call disconnects from destroyed signal of HPSDRWidget::unnamed
2026-05-16 13:40:58.496 [DEBUG] rx panel destructor 0
2026-05-16 13:40:58.499 [WARN ] QObject::disconnect: wildcard call disconnects from destroyed signal of RadioPopupWidget::unnamed
2026-05-16 13:40:58.499 [WARN ] QObject::disconnect: wildcard call disconnects from destroyed signal of AGCOptionsWidget::unnamed
2026-05-16 13:40:58.502 [DEBUG] rx panel destructor 1
2026-05-16 13:40:58.502 [WARN ] QObject::disconnect: wildcard call disconnects from destroyed signal of RadioPopupWidget::unnamed
2026-05-16 13:40:58.502 [WARN ] QObject::disconnect: wildcard call disconnects from destroyed signal of AGCOptionsWidget::unnamed
2026-05-16 13:40:58.504 [DEBUG] rx panel destructor 2
2026-05-16 13:40:58.504 [WARN ] QObject::disconnect: wildcard call disconnects from destroyed signal of RadioPopupWidget::unnamed
2026-05-16 13:40:58.504 [WARN ] QObject::disconnect: wildcard call disconnects from destroyed signal of AGCOptionsWidget::unnamed
2026-05-16 13:40:58.506 [DEBUG] rx panel destructor 3
2026-05-16 13:40:58.506 [WARN ] QObject::disconnect: wildcard call disconnects from destroyed signal of RadioPopupWidget::unnamed
2026-05-16 13:40:58.506 [WARN ] QObject::disconnect: wildcard call disconnects from destroyed signal of AGCOptionsWidget::unnamed
2026-05-16 13:40:58.509 [DEBUG] rx panel destructor 4
2026-05-16 13:40:58.509 [WARN ] QObject::disconnect: wildcard call disconnects from destroyed signal of RadioPopupWidget::unnamed
2026-05-16 13:40:58.509 [WARN ] QObject::disconnect: wildcard call disconnects from destroyed signal of AGCOptionsWidget::unnamed
2026-05-16 13:40:58.511 [DEBUG] rx panel destructor 5
2026-05-16 13:40:58.511 [WARN ] QObject::disconnect: wildcard call disconnects from destroyed signal of RadioPopupWidget::unnamed
2026-05-16 13:40:58.511 [WARN ] QObject::disconnect: wildcard call disconnects from destroyed signal of AGCOptionsWidget::unnamed
2026-05-16 13:40:58.512 [DEBUG] rx panel destructor 6
2026-05-16 13:40:58.512 [WARN ] QObject::disconnect: wildcard call disconnects from destroyed signal of RadioPopupWidget::unnamed
2026-05-16 13:40:58.512 [WARN ] QObject::disconnect: wildcard call disconnects from destroyed signal of AGCOptionsWidget::unnamed
2026-05-16 13:40:58.514 [DEBUG] rx panel destructor 7
2026-05-16 13:40:58.514 [WARN ] QObject::disconnect: wildcard call disconnects from destroyed signal of RadioPopupWidget::unnamed
2026-05-16 13:40:58.514 [WARN ] QObject::disconnect: wildcard call disconnects from destroyed signal of AGCOptionsWidget::unnamed
