This file contains any messages produced by compilers while
running configure, to aid debugging if configure makes a mistake.

It was created by rnnoise configure unknown, which was
generated by GNU Autoconf 2.71.  Invocation command line was

  $ ./configure --prefix=/home/sae/Projects/Personal/test/cudaSDR/wdsp-libs --disable-shared --enable-static

## --------- ##
## Platform. ##
## --------- ##

hostname = PC599
uname -m = x86_64
uname -r = 6.14.0-37-generic
uname -s = Linux
uname -v = #37~24.04.1-Ubuntu SMP PREEMPT_DYNAMIC Thu Nov 20 10:25:38 UTC 2

/usr/bin/uname -p = x86_64
/bin/uname -X     = unknown

/bin/arch              = x86_64
/usr/bin/arch -k       = unknown
/usr/convex/getsysinfo = unknown
/usr/bin/hostinfo      = unknown
/bin/machine           = unknown
/usr/bin/oslevel       = unknown
/bin/universe          = unknown

PATH: /home/sae/.nvm/versions/node/v22.18.0/bin/
PATH: /home/sae/bin/
PATH: /usr/local/sbin/
PATH: /usr/local/bin/
PATH: /usr/sbin/
PATH: /usr/bin/
PATH: /sbin/
PATH: /bin/
PATH: /usr/games/
PATH: /usr/local/games/
PATH: /snap/bin/
PATH: /snap/bin/
PATH: /home/sae/.dotnet/tools/
PATH: /usr/local/arm-atollic-eabi/gcc-6.3.1/bin/
PATH: /usr/local/avr32-none/gcc-4.4.7/bin/
PATH: /usr/local/avr32-none/gcc-4.4.7/debugtools/bin/
PATH: /usr/local/arm/gnu/bin/
PATH: /usr/local/arm/clang/bin/
PATH: /usr/local/arm/bin/
PATH: /usr/local/avr8-none/gcc-4.7.2/bin/
PATH: /opt/avr-gcc/bin/


## ----------- ##
## Core tests. ##
## ----------- ##

configure:2394: looking for aux files: config.guess config.sub ltmain.sh missing install-sh compile
configure:2407:  trying ./
configure:2436:   ./config.guess found
configure:2436:   ./config.sub found
configure:2436:   ./ltmain.sh found
configure:2436:   ./missing found
configure:2418:   ./install-sh found
configure:2436:   ./compile found
configure:2617: checking for gcc
configure:2638: found /usr/bin/gcc
configure:2649: result: gcc
configure:3002: checking for C compiler version
configure:3011: gcc --version >&5
gcc (Ubuntu 13.3.0-6ubuntu2~24.04.1) 13.3.0
Copyright (C) 2023 Free Software Foundation, Inc.
This is free software; see the source for copying conditions.  There is NO
warranty; not even for MERCHANTABILITY or FITNESS FOR A PARTICULAR PURPOSE.

configure:3022: $? = 0
configure:3011: gcc -v >&5
Using built-in specs.
COLLECT_GCC=gcc
COLLECT_LTO_WRAPPER=/usr/libexec/gcc/x86_64-linux-gnu/13/lto-wrapper
OFFLOAD_TARGET_NAMES=nvptx-none:amdgcn-amdhsa
OFFLOAD_TARGET_DEFAULT=1
Target: x86_64-linux-gnu
Configured with: ../src/configure -v --with-pkgversion='Ubuntu 13.3.0-6ubuntu2~24.04.1' --with-bugurl=file:///usr/share/doc/gcc-13/README.Bugs --enable-languages=c,ada,c++,go,d,fortran,objc,obj-c++,m2 --prefix=/usr --with-gcc-major-version-only --program-suffix=-13 --program-prefix=x86_64-linux-gnu- --enable-shared --enable-linker-build-id --libexecdir=/usr/libexec --without-included-gettext --enable-threads=posix --libdir=/usr/lib --enable-nls --enable-bootstrap --enable-clocale=gnu --enable-libstdcxx-debug --enable-libstdcxx-time=yes --with-default-libstdcxx-abi=new --enable-libstdcxx-backtrace --enable-gnu-unique-object --disable-vtable-verify --enable-plugin --enable-default-pie --with-system-zlib --enable-libphobos-checking=release --with-target-system-zlib=auto --enable-objc-gc=auto --enable-multiarch --disable-werror --enable-cet --with-arch-32=i686 --with-abi=m64 --with-multilib-list=m32,m64,mx32 --enable-multilib --with-tune=generic --enable-offload-targets=nvptx-none=/build/gcc-13-EldibY/gcc-13-13.3.0/debian/tmp-nvptx/usr,amdgcn-amdhsa=/build/gcc-13-EldibY/gcc-13-13.3.0/debian/tmp-gcn/usr --enable-offload-defaulted --without-cuda-driver --enable-checking=release --build=x86_64-linux-gnu --host=x86_64-linux-gnu --target=x86_64-linux-gnu --with-build-config=bootstrap-lto-lean --enable-link-serialization=2
Thread model: posix
Supported LTO compression algorithms: zlib zstd
gcc version 13.3.0 (Ubuntu 13.3.0-6ubuntu2~24.04.1) 
... rest of stderr output deleted ...
configure:3022: $? = 0
configure:3011: gcc -V >&5
gcc: error: unrecognized command-line option '-V'
gcc: fatal error: no input files
compilation terminated.
configure:3022: $? = 1
configure:3011: gcc -qversion >&5
gcc: error: unrecognized command-line option '-qversion'; did you mean '--version'?
gcc: fatal error: no input files
compilation terminated.
configure:3022: $? = 1
configure:3011: gcc -version >&5
gcc: error: unrecognized command-line option '-version'
gcc: fatal error: no input files
compilation terminated.
configure:3022: $? = 1
configure:3042: checking whether the C compiler works
configure:3064: gcc    conftest.c  >&5
configure:3068: $? = 0
configure:3118: result: yes
configure:3121: checking for C compiler default output file name
configure:3123: result: a.out
configure:3129: checking for suffix of executables
configure:3136: gcc -o conftest    conftest.c  >&5
configure:3140: $? = 0
configure:3163: result: 
configure:3185: checking whether we are cross compiling
configure:3193: gcc -o conftest    conftest.c  >&5
configure:3197: $? = 0
configure:3204: ./conftest
configure:3208: $? = 0
configure:3223: result: no
configure:3228: checking for suffix of object files
configure:3251: gcc -c   conftest.c >&5
configure:3255: $? = 0
configure:3277: result: o
configure:3281: checking whether the compiler supports GNU C
configure:3301: gcc -c   conftest.c >&5
configure:3301: $? = 0
configure:3311: result: yes
configure:3322: checking whether gcc accepts -g
configure:3343: gcc -c -g  conftest.c >&5
configure:3343: $? = 0
configure:3387: result: yes
configure:3407: checking for gcc option to enable C11 features
configure:3422: gcc  -c -g -O2  conftest.c >&5
configure:3422: $? = 0
configure:3440: result: none needed
configure:3556: checking whether gcc understands -c and -o together
configure:3579: gcc -c conftest.c -o conftest2.o
configure:3582: $? = 0
configure:3579: gcc -c conftest.c -o conftest2.o
configure:3582: $? = 0
configure:3594: result: yes
configure:3616: checking for stdio.h
configure:3616: gcc -c -g -O2  conftest.c >&5
configure:3616: $? = 0
configure:3616: result: yes
configure:3616: checking for stdlib.h
configure:3616: gcc -c -g -O2  conftest.c >&5
configure:3616: $? = 0
configure:3616: result: yes
configure:3616: checking for string.h
configure:3616: gcc -c -g -O2  conftest.c >&5
configure:3616: $? = 0
configure:3616: result: yes
configure:3616: checking for inttypes.h
configure:3616: gcc -c -g -O2  conftest.c >&5
configure:3616: $? = 0
configure:3616: result: yes
configure:3616: checking for stdint.h
configure:3616: gcc -c -g -O2  conftest.c >&5
configure:3616: $? = 0
configure:3616: result: yes
configure:3616: checking for strings.h
configure:3616: gcc -c -g -O2  conftest.c >&5
configure:3616: $? = 0
configure:3616: result: yes
configure:3616: checking for sys/stat.h
configure:3616: gcc -c -g -O2  conftest.c >&5
configure:3616: $? = 0
configure:3616: result: yes
configure:3616: checking for sys/types.h
configure:3616: gcc -c -g -O2  conftest.c >&5
configure:3616: $? = 0
configure:3616: result: yes
configure:3616: checking for unistd.h
configure:3616: gcc -c -g -O2  conftest.c >&5
configure:3616: $? = 0
configure:3616: result: yes
configure:3616: checking for wchar.h
configure:3616: gcc -c -g -O2  conftest.c >&5
configure:3616: $? = 0
configure:3616: result: yes
configure:3616: checking for minix/config.h
configure:3616: gcc -c -g -O2  conftest.c >&5
conftest.c:47:10: fatal error: minix/config.h: No such file or directory
   47 | #include <minix/config.h>
      |          ^~~~~~~~~~~~~~~~
compilation terminated.
configure:3616: $? = 1
configure: failed program was:
| /* confdefs.h */
| #define PACKAGE_NAME "rnnoise"
| #define PACKAGE_TARNAME "rnnoise"
| #define PACKAGE_VERSION "unknown"
| #define PACKAGE_STRING "rnnoise unknown"
| #define PACKAGE_BUGREPORT "jmvalin@jmvalin.ca"
| #define PACKAGE_URL ""
| #define HAVE_STDIO_H 1
| #define HAVE_STDLIB_H 1
| #define HAVE_STRING_H 1
| #define HAVE_INTTYPES_H 1
| #define HAVE_STDINT_H 1
| #define HAVE_STRINGS_H 1
| #define HAVE_SYS_STAT_H 1
| #define HAVE_SYS_TYPES_H 1
| #define HAVE_UNISTD_H 1
| #define HAVE_WCHAR_H 1
| /* end confdefs.h.  */
| #include <stddef.h>
| #ifdef HAVE_STDIO_H
| # include <stdio.h>
| #endif
| #ifdef HAVE_STDLIB_H
| # include <stdlib.h>
| #endif
| #ifdef HAVE_STRING_H
| # include <string.h>
| #endif
| #ifdef HAVE_INTTYPES_H
| # include <inttypes.h>
| #endif
| #ifdef HAVE_STDINT_H
| # include <stdint.h>
| #endif
| #ifdef HAVE_STRINGS_H
| # include <strings.h>
| #endif
| #ifdef HAVE_SYS_TYPES_H
| # include <sys/types.h>
| #endif
| #ifdef HAVE_SYS_STAT_H
| # include <sys/stat.h>
| #endif
| #ifdef HAVE_UNISTD_H
| # include <unistd.h>
| #endif
| #include <minix/config.h>
configure:3616: result: no
configure:3647: checking whether it is safe to define __EXTENSIONS__
configure:3666: gcc -c -g -O2  conftest.c >&5
configure:3666: $? = 0
configure:3674: result: yes
configure:3677: checking whether _XOPEN_SOURCE should be defined
configure:3699: gcc -c -g -O2  conftest.c >&5
configure:3699: $? = 0
configure:3726: result: no
configure:3790: checking for special C compiler options needed for large files
configure:3838: result: no
configure:3844: checking for _FILE_OFFSET_BITS value needed for large files
configure:3870: gcc -c -g -O2  conftest.c >&5
configure:3870: $? = 0
configure:3904: result: no
configure:4004: checking for a BSD-compatible install
configure:4077: result: /usr/bin/install -c
configure:4088: checking whether build environment is sane
configure:4143: result: yes
configure:4298: checking for a race-free mkdir -p
configure:4342: result: /usr/bin/mkdir -p
configure:4349: checking for gawk
configure:4370: found /usr/bin/gawk
configure:4381: result: gawk
configure:4392: checking whether make sets $(MAKE)
configure:4415: result: yes
configure:4437: checking whether make supports the include directive
configure:4452: make -f confmf.GNU && cat confinc.out
this is the am__doit target
configure:4455: $? = 0
configure:4474: result: yes (GNU style)
configure:4509: checking whether make supports nested variables
configure:4527: result: yes
configure:4603: checking dependency style of gcc
configure:4715: result: gcc3
configure:4788: checking whether to enable maintainer-specific portions of Makefiles
configure:4798: result: yes
configure:4812: checking for inline
configure:4829: gcc -c -g -O2  conftest.c >&5
configure:4829: $? = 0
configure:4838: result: inline
configure:4889: checking build system type
configure:4904: result: x86_64-pc-linux-gnu
configure:4924: checking host system type
configure:4938: result: x86_64-pc-linux-gnu
configure:4979: checking how to print strings
configure:5006: result: printf
configure:5027: checking for a sed that does not truncate output
configure:5097: result: /usr/bin/sed
configure:5115: checking for grep that handles long lines and -e
configure:5179: result: /usr/bin/grep
configure:5184: checking for egrep
configure:5252: result: /usr/bin/grep -E
configure:5257: checking for fgrep
configure:5325: result: /usr/bin/grep -F
configure:5361: checking for ld used by gcc
configure:5429: result: /usr/bin/ld
configure:5436: checking if the linker (/usr/bin/ld) is GNU ld
configure:5452: result: yes
configure:5464: checking for BSD- or MS-compatible name lister (nm)
configure:5519: result: /usr/bin/nm -B
configure:5659: checking the name lister (/usr/bin/nm -B) interface
configure:5667: gcc -c -g -O2  conftest.c >&5
configure:5670: /usr/bin/nm -B "conftest.o"
configure:5673: output
0000000000000000 B some_variable
configure:5680: result: BSD nm
configure:5683: checking whether ln -s works
configure:5687: result: yes
configure:5695: checking the maximum length of command line arguments
configure:5827: result: 1572864
configure:5875: checking how to convert x86_64-pc-linux-gnu file names to x86_64-pc-linux-gnu format
configure:5916: result: func_convert_file_noop
configure:5923: checking how to convert x86_64-pc-linux-gnu file names to toolchain format
configure:5944: result: func_convert_file_noop
configure:5951: checking for /usr/bin/ld option to reload object files
configure:5959: result: -r
configure:6038: checking for file
configure:6059: found /usr/bin/file
configure:6070: result: file
configure:6146: checking for objdump
configure:6167: found /usr/bin/objdump
configure:6178: result: objdump
configure:6210: checking how to recognize dependent libraries
configure:6411: result: pass_all
configure:6501: checking for dlltool
configure:6536: result: no
configure:6566: checking how to associate runtime and link libraries
configure:6594: result: printf %s\n
configure:6659: checking for ar
configure:6680: found /usr/bin/ar
configure:6691: result: ar
configure:6744: checking for archiver @FILE support
configure:6762: gcc -c -g -O2  conftest.c >&5
configure:6762: $? = 0
configure:6766: ar cr libconftest.a @conftest.lst >&5
configure:6769: $? = 0
configure:6774: ar cr libconftest.a @conftest.lst >&5
ar: conftest.o: No such file or directory
configure:6777: $? = 1
configure:6789: result: @
configure:6852: checking for strip
configure:6873: found /usr/bin/strip
configure:6884: result: strip
configure:6961: checking for ranlib
configure:6982: found /usr/bin/ranlib
configure:6993: result: ranlib
configure:7095: checking command to parse /usr/bin/nm -B output from gcc object
configure:7249: gcc -c -g -O2  conftest.c >&5
configure:7252: $? = 0
configure:7256: /usr/bin/nm -B conftest.o | /usr/bin/sed -n -e 's/^.*[	 ]\([ABCDGIRSTW][ABCDGIRSTW]*\)[	 ][	 ]*\([_A-Za-z][_A-Za-z0-9]*\)$/\1 \2 \2/p' | /usr/bin/sed '/ __gnu_lto/d' > conftest.nm
configure:7322: gcc -o conftest -g -O2   conftest.c conftstm.o >&5
configure:7325: $? = 0
configure:7363: result: ok
configure:7410: checking for sysroot
configure:7441: result: no
configure:7448: checking for a working dd
configure:7492: result: /usr/bin/dd
configure:7496: checking how to truncate binary pipes
configure:7512: result: /usr/bin/dd bs=4096 count=1
configure:7649: gcc -c -g -O2  conftest.c >&5
configure:7652: $? = 0
configure:7849: checking for mt
configure:7870: found /usr/bin/mt
configure:7881: result: mt
configure:7904: checking if mt is a manifest tool
configure:7911: mt '-?'
configure:7919: result: no
configure:8640: checking for dlfcn.h
configure:8640: gcc -c -g -O2  conftest.c >&5
configure:8640: $? = 0
configure:8640: result: yes
configure:8899: checking for objdir
configure:8915: result: .libs
configure:9179: checking if gcc supports -fno-rtti -fno-exceptions
configure:9198: gcc -c -g -O2  -fno-rtti -fno-exceptions conftest.c >&5
cc1: warning: command-line option '-fno-rtti' is valid for C++/D/ObjC++ but not for C
configure:9202: $? = 0
configure:9215: result: no
configure:9579: checking for gcc option to produce PIC
configure:9587: result: -fPIC -DPIC
configure:9595: checking if gcc PIC flag -fPIC -DPIC works
configure:9614: gcc -c -g -O2  -fPIC -DPIC -DPIC conftest.c >&5
configure:9618: $? = 0
configure:9631: result: yes
configure:9660: checking if gcc static flag -static works
configure:9689: result: yes
configure:9704: checking if gcc supports -c -o file.o
configure:9726: gcc -c -g -O2  -o out/conftest2.o conftest.c >&5
configure:9730: $? = 0
configure:9752: result: yes
configure:9760: checking if gcc supports -c -o file.o
configure:9808: result: yes
configure:9841: checking whether the gcc linker (/usr/bin/ld -m elf_x86_64) supports shared libraries
configure:11115: result: yes
configure:11356: checking dynamic linker characteristics
configure:11938: gcc -o conftest -g -O2   -Wl,-rpath -Wl,/foo conftest.c  >&5
configure:11938: $? = 0
configure:12189: result: GNU/Linux ld.so
configure:12311: checking how to hardcode library paths into programs
configure:12336: result: immediate
configure:12888: checking whether stripping libraries is possible
configure:12897: result: yes
configure:12939: checking if libtool supports shared libraries
configure:12941: result: yes
configure:12944: checking whether to build shared libraries
configure:12969: result: no
configure:12972: checking whether to build static libraries
configure:12976: result: yes
configure:13026: checking whether make supports nested variables
configure:13044: result: yes
configure:13072: checking if gcc supports -pedantic flag
configure:13089: gcc -o conftest -g -O2 -pedantic   conftest.c  >&5
configure:13089: $? = 0
configure:13109: result: yes
configure:13072: checking if gcc supports -Wall flag
configure:13089: gcc -o conftest -g -O2 -pedantic -Wall   conftest.c  >&5
configure:13089: $? = 0
configure:13109: result: yes
configure:13072: checking if gcc supports -Wextra flag
configure:13089: gcc -o conftest -g -O2 -pedantic -Wall -Wextra   conftest.c  >&5
configure:13089: $? = 0
configure:13109: result: yes
configure:13072: checking if gcc supports -Wno-sign-compare flag
configure:13089: gcc -o conftest -g -O2 -pedantic -Wall -Wextra -Wno-sign-compare   conftest.c  >&5
configure:13089: $? = 0
configure:13109: result: yes
configure:13072: checking if gcc supports -Wno-parentheses flag
configure:13089: gcc -o conftest -g -O2 -pedantic -Wall -Wextra -Wno-sign-compare -Wno-parentheses   conftest.c  >&5
configure:13089: $? = 0
configure:13109: result: yes
configure:13072: checking if gcc supports -Wno-long-long flag
configure:13089: gcc -o conftest -g -O2 -pedantic -Wall -Wextra -Wno-sign-compare -Wno-parentheses -Wno-long-long   conftest.c  >&5
configure:13089: $? = 0
configure:13109: result: yes
configure:13376: checking for cos in -lm
configure:13399: gcc -o conftest -g -O2 -pedantic -Wall -Wextra -Wno-sign-compare -Wno-parentheses -Wno-long-long   conftest.c -lm   >&5
conftest.c:44:6: warning: conflicting types for built-in function 'cos'; expected 'double(double)' [-Wbuiltin-declaration-mismatch]
   44 | char cos ();
      |      ^~~
conftest.c:1:1: note: 'cos' is declared in header '<math.h>'
    1 | /* confdefs.h */
configure:13399: $? = 0
configure:13409: result: yes
configure:13424: checking for gcc way to treat warnings as errors
configure:13441: gcc -o conftest -g -O2 -pedantic -Wall -Wextra -Wno-sign-compare -Wno-parentheses -Wno-long-long -Werror   conftest.c  >&5
configure:13441: $? = 0
configure:13491: result: -Werror
configure:13497: checking if gcc supports __attribute__(( visibility("default") ))
configure:13509: gcc -c -g -O2 -pedantic -Wall -Wextra -Wno-sign-compare -Wno-parentheses -Wno-long-long -Werror  conftest.c >&5
configure:13509: $? = 0
configure:13519: result: yes
configure:13530: checking if gcc supports -fvisibility=hidden
configure:13549: gcc -o conftest -g -O2 -pedantic -Wall -Wextra -Wno-sign-compare -Wno-parentheses -Wno-long-long -Werror -fvisibility=hidden   conftest.c  >&5
configure:13549: $? = 0
configure:13571: result: yes
configure:13602: checking for doxygen
configure:13635: result: no
configure:13645: checking for dot
configure:13666: found /usr/bin/dot
configure:13678: result: yes
configure:13807: checking that generated files are newer than configure
configure:13813: result: done
configure:13856: creating ./config.status

## ---------------------- ##
## Running config.status. ##
## ---------------------- ##

This file was extended by rnnoise config.status unknown, which was
generated by GNU Autoconf 2.71.  Invocation command line was

  CONFIG_FILES    = 
  CONFIG_HEADERS  = 
  CONFIG_LINKS    = 
  CONFIG_COMMANDS = 
  $ ./config.status 

on PC599

config.status:1124: creating Makefile
config.status:1124: creating rnnoise.pc
config.status:1124: creating rnnoise-uninstalled.pc
config.status:1124: creating doc/Doxyfile
config.status:1124: creating config.h
config.status:1353: executing depfiles commands
config.status:1430: cd .       && sed -e '/# am--include-marker/d' Makefile         | make -f - am--depfiles
config.status:1435: $? = 0
config.status:1353: executing libtool commands
configure:16009:
------------------------------------------------------------------------
  rnnoise unknown: Automatic configuration OK.

    Assertions ................... no

    Hidden visibility ............ yes

    API code examples ............ yes
    API documentation ............ yes
------------------------------------------------------------------------


## ---------------- ##
## Cache variables. ##
## ---------------- ##

ac_cv_build=x86_64-pc-linux-gnu
ac_cv_c_compiler_gnu=yes
ac_cv_c_inline=inline
ac_cv_env_CC_set=
ac_cv_env_CC_value=
ac_cv_env_CFLAGS_set=
ac_cv_env_CFLAGS_value=
ac_cv_env_CPPFLAGS_set=
ac_cv_env_CPPFLAGS_value=
ac_cv_env_LDFLAGS_set=
ac_cv_env_LDFLAGS_value=
ac_cv_env_LIBS_set=
ac_cv_env_LIBS_value=
ac_cv_env_LT_SYS_LIBRARY_PATH_set=
ac_cv_env_LT_SYS_LIBRARY_PATH_value=
ac_cv_env_build_alias_set=
ac_cv_env_build_alias_value=
ac_cv_env_host_alias_set=
ac_cv_env_host_alias_value=
ac_cv_env_target_alias_set=
ac_cv_env_target_alias_value=
ac_cv_header_dlfcn_h=yes
ac_cv_header_inttypes_h=yes
ac_cv_header_minix_config_h=no
ac_cv_header_stdint_h=yes
ac_cv_header_stdio_h=yes
ac_cv_header_stdlib_h=yes
ac_cv_header_string_h=yes
ac_cv_header_strings_h=yes
ac_cv_header_sys_stat_h=yes
ac_cv_header_sys_types_h=yes
ac_cv_header_unistd_h=yes
ac_cv_header_wchar_h=yes
ac_cv_host=x86_64-pc-linux-gnu
ac_cv_lib_m_cos=yes
ac_cv_objext=o
ac_cv_path_EGREP='/usr/bin/grep -E'
ac_cv_path_FGREP='/usr/bin/grep -F'
ac_cv_path_GREP=/usr/bin/grep
ac_cv_path_SED=/usr/bin/sed
ac_cv_path_install='/usr/bin/install -c'
ac_cv_path_lt_DD=/usr/bin/dd
ac_cv_path_mkdir=/usr/bin/mkdir
ac_cv_prog_AWK=gawk
ac_cv_prog_HAVE_DOT=yes
ac_cv_prog_HAVE_DOXYGEN=no
ac_cv_prog_ac_ct_AR=ar
ac_cv_prog_ac_ct_CC=gcc
ac_cv_prog_ac_ct_FILECMD=file
ac_cv_prog_ac_ct_MANIFEST_TOOL=mt
ac_cv_prog_ac_ct_OBJDUMP=objdump
ac_cv_prog_ac_ct_RANLIB=ranlib
ac_cv_prog_ac_ct_STRIP=strip
ac_cv_prog_cc_c11=
ac_cv_prog_cc_g=yes
ac_cv_prog_cc_stdc=
ac_cv_prog_make_make_set=yes
ac_cv_safe_to_define___extensions__=yes
ac_cv_should_define__xopen_source=no
ac_cv_sys_file_offset_bits=no
ac_cv_sys_largefile_CC=no
am_cv_CC_dependencies_compiler_type=gcc3
am_cv_make_support_nested_variables=yes
am_cv_prog_cc_c_o=yes
cc_cv_attribute_visibility_default=yes
cc_cv_cflags__Wall=yes
cc_cv_cflags__Werror=yes
cc_cv_cflags__Wextra=yes
cc_cv_cflags__Wno_long_long=yes
cc_cv_cflags__Wno_parentheses=yes
cc_cv_cflags__Wno_sign_compare=yes
cc_cv_cflags__fvisibility_hidden=yes
cc_cv_cflags__pedantic=yes
cc_cv_flag_visibility=yes
cc_cv_werror=-Werror
lt_cv_ar_at_file=@
lt_cv_deplibs_check_method=pass_all
lt_cv_file_magic_cmd='$MAGIC_CMD'
lt_cv_file_magic_test_file=
lt_cv_ld_reload_flag=-r
lt_cv_nm_interface='BSD nm'
lt_cv_objdir=.libs
lt_cv_path_LD=/usr/bin/ld
lt_cv_path_NM='/usr/bin/nm -B'
lt_cv_path_mainfest_tool=no
lt_cv_prog_compiler_c_o=yes
lt_cv_prog_compiler_pic='-fPIC -DPIC'
lt_cv_prog_compiler_pic_works=yes
lt_cv_prog_compiler_rtti_exceptions=no
lt_cv_prog_compiler_static_works=yes
lt_cv_prog_gnu_ld=yes
lt_cv_sharedlib_from_linklib_cmd='printf %s\n'
lt_cv_shlibpath_overrides_runpath=yes
lt_cv_sys_global_symbol_pipe='/usr/bin/sed -n -e '\''s/^.*[	 ]\([ABCDGIRSTW][ABCDGIRSTW]*\)[	 ][	 ]*\([_A-Za-z][_A-Za-z0-9]*\)$/\1 \2 \2/p'\'' | /usr/bin/sed '\''/ __gnu_lto/d'\'''
lt_cv_sys_global_symbol_to_c_name_address='/usr/bin/sed -n -e '\''s/^: \(.*\) .*$/  {"\1", (void *) 0},/p'\'' -e '\''s/^[ABCDGIRSTW][ABCDGIRSTW]* .* \(.*\)$/  {"\1", (void *) \&\1},/p'\'''
lt_cv_sys_global_symbol_to_c_name_address_lib_prefix='/usr/bin/sed -n -e '\''s/^: \(.*\) .*$/  {"\1", (void *) 0},/p'\'' -e '\''s/^[ABCDGIRSTW][ABCDGIRSTW]* .* \(lib.*\)$/  {"\1", (void *) \&\1},/p'\'' -e '\''s/^[ABCDGIRSTW][ABCDGIRSTW]* .* \(.*\)$/  {"lib\1", (void *) \&\1},/p'\'''
lt_cv_sys_global_symbol_to_cdecl='/usr/bin/sed -n -e '\''s/^T .* \(.*\)$/extern int \1();/p'\'' -e '\''s/^[ABCDGIRSTW][ABCDGIRSTW]* .* \(.*\)$/extern char \1;/p'\'''
lt_cv_sys_global_symbol_to_import=
lt_cv_sys_max_cmd_len=1572864
lt_cv_to_host_file_cmd=func_convert_file_noop
lt_cv_to_tool_file_cmd=func_convert_file_noop
lt_cv_truncate_bin='/usr/bin/dd bs=4096 count=1'

## ----------------- ##
## Output variables. ##
## ----------------- ##

ACLOCAL='${SHELL} '\''/home/sae/Projects/Personal/test/cudaSDR/wdsp-libs/rnnoise/missing'\'' aclocal-1.16'
AMDEPBACKSLASH='\'
AMDEP_FALSE='#'
AMDEP_TRUE=''
AMTAR='$${TAR-tar}'
AM_BACKSLASH='\'
AM_DEFAULT_V='$(AM_DEFAULT_VERBOSITY)'
AM_DEFAULT_VERBOSITY='0'
AM_V='$(V)'
AR='ar'
AUTOCONF='${SHELL} '\''/home/sae/Projects/Personal/test/cudaSDR/wdsp-libs/rnnoise/missing'\'' autoconf'
AUTOHEADER='${SHELL} '\''/home/sae/Projects/Personal/test/cudaSDR/wdsp-libs/rnnoise/missing'\'' autoheader'
AUTOMAKE='${SHELL} '\''/home/sae/Projects/Personal/test/cudaSDR/wdsp-libs/rnnoise/missing'\'' automake-1.16'
AWK='gawk'
CC='gcc'
CCDEPMODE='depmode=gcc3'
CFLAGS='-g -O2 -pedantic -Wall -Wextra -Wno-sign-compare -Wno-parentheses -Wno-long-long -fvisibility=hidden'
CPPFLAGS=''
CSCOPE='cscope'
CTAGS='ctags'
CYGPATH_W='echo'
DEFS='-DHAVE_CONFIG_H'
DEPDIR='.deps'
DLLTOOL='false'
DSYMUTIL=''
DUMPBIN=''
ECHO_C=''
ECHO_N='-n'
ECHO_T=''
EGREP='/usr/bin/grep -E'
ETAGS='etags'
EXEEXT=''
FGREP='/usr/bin/grep -F'
FILECMD='file'
GREP='/usr/bin/grep'
HAVE_DOT='yes'
HAVE_DOXYGEN='no'
HAVE_DOXYGEN_FALSE=''
HAVE_DOXYGEN_TRUE='#'
INSTALL_DATA='${INSTALL} -m 644'
INSTALL_PROGRAM='${INSTALL}'
INSTALL_SCRIPT='${INSTALL}'
INSTALL_STRIP_PROGRAM='$(install_sh) -c -s'
LD='/usr/bin/ld -m elf_x86_64'
LDFLAGS=''
LIBM='-lm'
LIBOBJS=''
LIBS=''
LIBTOOL='$(SHELL) $(top_builddir)/libtool'
LIPO=''
LN_S='ln -s'
LTLIBOBJS=''
LT_SYS_LIBRARY_PATH=''
MAINT=''
MAINTAINER_MODE_FALSE='#'
MAINTAINER_MODE_TRUE=''
MAKEINFO='${SHELL} '\''/home/sae/Projects/Personal/test/cudaSDR/wdsp-libs/rnnoise/missing'\'' makeinfo'
MANIFEST_TOOL=':'
MKDIR_P='/usr/bin/mkdir -p'
NM='/usr/bin/nm -B'
NMEDIT=''
OBJDUMP='objdump'
OBJEXT='o'
OPUS_X86_AVX2_CFLAGS='-mavx -mfma -mavx2'
OPUS_X86_SSE4_1_CFLAGS='-msse4.1'
OP_ENABLE_EXAMPLES_FALSE='#'
OP_ENABLE_EXAMPLES_TRUE=''
OP_LT_AGE='4'
OP_LT_CURRENT='4'
OP_LT_REVISION='1'
OP_WIN32_FALSE=''
OP_WIN32_TRUE='#'
OTOOL64=''
OTOOL=''
PACKAGE='rnnoise'
PACKAGE_BUGREPORT='jmvalin@jmvalin.ca'
PACKAGE_NAME='rnnoise'
PACKAGE_STRING='rnnoise unknown'
PACKAGE_TARNAME='rnnoise'
PACKAGE_URL=''
PACKAGE_VERSION='unknown'
PATH_SEPARATOR=':'
RANLIB='ranlib'
RNN_ENABLE_X86_RTCD_FALSE=''
RNN_ENABLE_X86_RTCD_TRUE='#'
SED='/usr/bin/sed'
SET_MAKE=''
SHELL='/bin/bash'
STRIP='strip'
VERSION='unknown'
ac_ct_AR='ar'
ac_ct_CC='gcc'
ac_ct_DUMPBIN=''
am__EXEEXT_FALSE=''
am__EXEEXT_TRUE='#'
am__fastdepCC_FALSE='#'
am__fastdepCC_TRUE=''
am__include='include'
am__isrc=''
am__leading_dot='.'
am__nodep='_no'
am__quote=''
am__tar='$${TAR-tar} chof - "$$tardir"'
am__untar='$${TAR-tar} xf -'
bindir='${exec_prefix}/bin'
build='x86_64-pc-linux-gnu'
build_alias=''
build_cpu='x86_64'
build_os='linux-gnu'
build_vendor='pc'
datadir='${datarootdir}'
datarootdir='${prefix}/share'
docdir='${datarootdir}/doc/${PACKAGE_TARNAME}'
dvidir='${docdir}'
exec_prefix='${prefix}'
host='x86_64-pc-linux-gnu'
host_alias=''
host_cpu='x86_64'
host_os='linux-gnu'
host_vendor='pc'
htmldir='${docdir}'
includedir='${prefix}/include'
infodir='${datarootdir}/info'
install_sh='${SHELL} /home/sae/Projects/Personal/test/cudaSDR/wdsp-libs/rnnoise/install-sh'
libdir='${exec_prefix}/lib'
libexecdir='${exec_prefix}/libexec'
localedir='${datarootdir}/locale'
localstatedir='${prefix}/var'
lrintf_lib=''
mandir='${datarootdir}/man'
mkdir_p='$(MKDIR_P)'
oldincludedir='/usr/include'
pdfdir='${docdir}'
prefix='/home/sae/Projects/Personal/test/cudaSDR/wdsp-libs'
program_transform_name='s,x,x,'
psdir='${docdir}'
runstatedir='${localstatedir}/run'
sbindir='${exec_prefix}/sbin'
sharedstatedir='${prefix}/com'
sysconfdir='${prefix}/etc'
target_alias=''

## ----------- ##
## confdefs.h. ##
## ----------- ##

/* confdefs.h */
#define PACKAGE_NAME "rnnoise"
#define PACKAGE_TARNAME "rnnoise"
#define PACKAGE_VERSION "unknown"
#define PACKAGE_STRING "rnnoise unknown"
#define PACKAGE_BUGREPORT "jmvalin@jmvalin.ca"
#define PACKAGE_URL ""
#define HAVE_STDIO_H 1
#define HAVE_STDLIB_H 1
#define HAVE_STRING_H 1
#define HAVE_INTTYPES_H 1
#define HAVE_STDINT_H 1
#define HAVE_STRINGS_H 1
#define HAVE_SYS_STAT_H 1
#define HAVE_SYS_TYPES_H 1
#define HAVE_UNISTD_H 1
#define HAVE_WCHAR_H 1
#define STDC_HEADERS 1
#define _ALL_SOURCE 1
#define _DARWIN_C_SOURCE 1
#define _GNU_SOURCE 1
#define _HPUX_ALT_XOPEN_SOCKET_API 1
#define _NETBSD_SOURCE 1
#define _OPENBSD_SOURCE 1
#define _POSIX_PTHREAD_SEMANTICS 1
#define __STDC_WANT_IEC_60559_ATTRIBS_EXT__ 1
#define __STDC_WANT_IEC_60559_BFP_EXT__ 1
#define __STDC_WANT_IEC_60559_DFP_EXT__ 1
#define __STDC_WANT_IEC_60559_FUNCS_EXT__ 1
#define __STDC_WANT_IEC_60559_TYPES_EXT__ 1
#define __STDC_WANT_LIB_EXT2__ 1
#define __STDC_WANT_MATH_SPEC_FUNCS__ 1
#define _TANDEM_SOURCE 1
#define __EXTENSIONS__ 1
#define HAVE_DLFCN_H 1
#define LT_OBJDIR ".libs/"
#define RNNOISE_BUILD /**/
#define DISABLE_DEBUG_FLOAT 1
#define SUPPORT_ATTRIBUTE_VISIBILITY_DEFAULT 1
#define SUPPORT_FLAG_VISIBILITY 1

configure: exit 0
